// Jest Snapshot v1, https://goo.gl/fbAQLP

exports[`kosko generate --prod 1`] = `
"---
apiVersion: v1
kind: ConfigMap
metadata:
  name: alert
  namespace: cdtn-admin
  annotations:
    app.gitlab.com/app: socialgouv-cdtn-admin
    app.gitlab.com/env: prod
    app.gitlab.com/env.name: prod
    kapp.k14s.io/disable-default-ownership-label-rules: ''
    kapp.k14s.io/disable-default-label-scoping-rules: ''
  labels:
    application: cdtn-admin
    component: cdtn-admin
    owner: cdtn-admin
    team: cdtn-admin
    app: alert
data:
  NODE_ENV: production
  HASURA_GRAPHQL_ENDPOINT: http://hasura/v1/graphql
  CONTRIBUTIONS_ENDPOINT: https://contributions-api.codedutravail.fabrique.social.gouv.fr
  API_HOST: https://api.aife.economie.gouv.fr/dila/legifrance-beta/lf-engine-app
  TOKEN_HOST: https://oauth.aife.economie.gouv.fr
---
apiVersion: bitnami.com/v1alpha1
kind: SealedSecret
metadata:
  name: alert
  namespace: cdtn-admin
  annotations:
    app.gitlab.com/app: socialgouv-cdtn-admin
    app.gitlab.com/env: prod
    app.gitlab.com/env.name: prod
    kapp.k14s.io/disable-default-ownership-label-rules: ''
    kapp.k14s.io/disable-default-label-scoping-rules: ''
  labels:
    application: cdtn-admin
    component: cdtn-admin
    owner: cdtn-admin
    team: cdtn-admin
    app: alert
spec:
  encryptedData:
    HASURA_GRAPHQL_ADMIN_SECRET: >-
      AgBGrbjFq73mrMjc9iUQdH0LMuUl0SqBHOsDn/UcMDj7e8Gmu/SzPAwEjrPMj9KWp7O+FlH/54bSj/lBqcubdYfAhTTDmcU9fgtaVQ5ZmJwFr8ZYkDjnwBWLFOFd/0nLBXiMVIh7ykOUTHMDC0K+SxhmkgpPxS6nZI89iVMnIzkxkq6nok/iA2W9FUTer1vKbwEJKb3gxiO/ot90LLqhhSpurELbq1CQbHvh4Z25u4Nw0cmYr10tXjguLV0KM3VJWGP7I8wQUeaiWonqxqt1+qKEBcGQ+wh1Zel2Dmne8qBJv/YJhv4GNLz/rqfzwVVz7/eL22u0VMk02fzb6Ep87+n9+qcMluOLUQ5QCq2PY40b6V3yIVmRfcfzqBAMlKbRlhQ+OSV7zA2jsRVEpiTCwmpsSMz7Txm5pGy5NnwyqsAwOSDBc8bK53IU1dxgA7Jdm+Fp18q5BAsmrPSr1rWQre0QYJGgJlFK01joDTLXSwAyFm4noyO+y8yioe0O6UhFtUmx/On2/uZF2bYRMZ+xIOpRfEouhyMHlzJpNDFmYM0E6I2rea+BVa7Amjyz3N5u8zFlhr01lb5WV+jfE5xcdGOJP5FBYnAgK/CKCSFYyZNFsPp0xxzOBdY1O1wOp5x5Mo8dgu+GrM1fB0vOPAox0NtrpN4zGbcqCu/H0azmElq6ApHwYb/LbILobZpNT89XVv6ziM5nB2H2TNt7nBiZL30pCEdeVSD6PpkyMwXCp+vPIA==
    OAUTH_CLIENT_ID: >-
      AgCSu81kHx5lpYzCAiWKder3Hxopu4w54S+qe1xCVBuV4mmUvc6hTMvNIyIlpjT7Wf5KPCj4G74+VrW0ua+dUeYGN64lImWkXMltI+r0ro1OBHXGUoEJx3t+Vf0sXtjLIpXUpwT8Lsb38TE9VgQGMLQ1noI7GCL3Nl8OXUHsYixlNLmd7A76GA/iOUq6t5C3n9TX2KwjEpt+zWQ1aeHIM4lZL0lb0hjH7SaIKTLj0/c5Q2Prz0YWCjnq3z179W4JM5h1gvfcS8wuZYhqyJnL9Bxi1Z4OSrxMUguCQZ0WbGmgdVd1w7Z94EpsstUOh6bptzfhYsV+88cHvOnSaqD+QxlYSXLzpP1t2pkwD6P5zEyoTE3nA/3DNKOUCofDDeBY7othGAJYOrPkyRP1Lcs92oMMHAdBn3Qga8EZ24MMsZaFq5XhuMT7EzPCn1jaCH1/7Ff9cXAssl8msLrCXhsPz2pF1wEd/yu/dTTvjmudRMRr5POMovIDFeRxNGkmdiTVI11KTubj3AcyhLlm71fSFugSzEtcmD4lSgTIWRvPGfg6HNaXgD3eyQFIHET1auwwPjIVYGOZLrzST5oW5rt7TTFWrqJheKhSwWF/wGDQW+SxDXfDcRpYPcHtPt0oXpnxqpTbSniLDDc+/hNe+O6WvePRZ2DblbqNmbHf8bAnOB3ZuVdiJ7ohCQSSCBosGv1RJodGWPkmDPlzYYP3sQBA8ehk/ynHZeLBa5N5i+O95/5E7diKVZw=
    OAUTH_CLIENT_SECRET: >-
      AgBIiVfn4vWt+QcEua2TUx2ZCK758ZCWJKSXJGhf5owsL4qNS7r4ZWunpmLIcwfn+zZ3SeMZXiYgMc1TB/ZA8/W2b59Cd5YarWQVBugrlbokNQyXOlvtxebxhbvefZpW1K2U3qz7A8rsgH84Te+7+yeUJ0TMUjwsFJeutksnfCYBJmYnOtM2EV7Wm4XwM0k+NH1rxKA6PvQ9fBIcjgJ5ji6m2pF6qM3MCu+PBvff915vaUOi40H+gyF4kTttKtGOqtSI9uxLHD/HilV9JinooCvgemVBEPQ8LGeVlgCa2sJfW1NWjsztZRGxlRBYSOwyySOrPlQz9JofzYRvULjJwVIVlEJusGZYw5HdA5d1FJtLV7bP2RZ0xAXc93xblkGlM7xmWCq/WZniTp4uWXj4dJHaMjpzXr1Rg0zPGMFB92CbuITVqDSOcz04vndyrgQY2DQpt7iCh5pZrqYtzouuYPZj7aSb6Ie2Jlp719I4DZB4+Kc4PbkJeIDttyx4QiVanadrpKH2q4o9EAsaAjoU9KP5dTHxVzyBmIIC4ZxPk2ktEwVdTdSsjna1c916gFSwiRHJgeq9onuVnICTV/r0TZQ3orzQ6KeaehsOFIT9xyL8MVflLqWBNjFLZMOfFsNBFz0Hf7AhX7WEO7dshWj+LnLqJu8MSCyJq5Nx2HkLdCeVPzqgKM+FzHaDH7l1AGyYtjuCHXBUIA/0lRdalxryxlsMnD5/zKMREWDmNqIC26GUXfhzbaE=
  template:
    metadata:
      name: alert
      namespace: cdtn-admin
      annotations:
        app.gitlab.com/app: socialgouv-cdtn-admin
        app.gitlab.com/env: prod
        app.gitlab.com/env.name: prod
        kapp.k14s.io/disable-default-ownership-label-rules: ''
        kapp.k14s.io/disable-default-label-scoping-rules: ''
      labels:
        application: cdtn-admin
        component: cdtn-admin
        owner: cdtn-admin
        team: cdtn-admin
        app: alert
    type: Opaque
---
apiVersion: batch/v1beta1
kind: CronJob
metadata:
  annotations:
    app.gitlab.com/app: socialgouv-cdtn-admin
    app.gitlab.com/env: prod
    app.gitlab.com/env.name: prod
    kapp.k14s.io/disable-default-ownership-label-rules: ''
    kapp.k14s.io/disable-default-label-scoping-rules: ''
  labels:
    application: cdtn-admin
    component: cdtn-admin
    owner: cdtn-admin
    team: cdtn-admin
    app: alert
  name: alert
  namespace: cdtn-admin
spec:
  concurrencyPolicy: Forbid
  successfulJobsHistoryLimit: 3
  failedJobsHistoryLimit: 3
  schedule: 0 1 * * *
  jobTemplate:
    spec:
      backoffLimit: 0
      template:
        metadata:
          annotations:
            app.gitlab.com/app: socialgouv-cdtn-admin
            app.gitlab.com/env: prod
            app.gitlab.com/env.name: prod
            kapp.k14s.io/disable-default-ownership-label-rules: ''
            kapp.k14s.io/disable-default-label-scoping-rules: ''
            kapp.k14s.io/deploy-logs: for-new-or-existing
          labels:
            application: cdtn-admin
            component: cdtn-admin
            owner: cdtn-admin
            team: cdtn-admin
            app: alert
        spec:
          containers:
            - name: update-alert
              image: harbor.fabrique.social.gouv.fr/cdtn/cdtn-admin-alert-cli:1.2.3
              resources:
                requests:
                  cpu: 1500m
                  memory: 2.5Gi
                limits:
                  cpu: 2000m
                  memory: 3Gi
              workingDir: /app
              env:
                - name: PRODUCTION
                  value: 'true'
              envFrom:
                - configMapRef:
                    name: alert
                - secretRef:
                    name: alert
              volumeMounts:
                - name: tz-paris
                  mountPath: /etc/localtime
          securityContext:
            runAsNonRoot: true
            runAsUser: 1000
            fsGroup: 1000
            supplementalGroups:
              - 1000
          volumes:
            - name: tz-paris
              hostPath:
                path: /usr/share/zoneinfo/Europe/Paris
          restartPolicy: Never
---
apiVersion: apps/v1
kind: Deployment
metadata:
  annotations:
    kapp.k14s.io/disable-default-ownership-label-rules: ''
    kapp.k14s.io/disable-default-label-scoping-rules: ''
    app.gitlab.com/app: socialgouv-cdtn-admin
    app.gitlab.com/env: prod
    app.gitlab.com/env.name: prod
  labels:
    app: hasura
    application: cdtn-admin
    component: hasura
    owner: cdtn-admin
    team: cdtn-admin
  name: hasura
  namespace: cdtn-admin
spec:
  replicas: 1
  selector:
    matchLabels:
      app: hasura
  template:
    metadata:
      annotations:
        kapp.k14s.io/disable-default-ownership-label-rules: ''
        kapp.k14s.io/disable-default-label-scoping-rules: ''
        app.gitlab.com/app: socialgouv-cdtn-admin
        app.gitlab.com/env: prod
        app.gitlab.com/env.name: prod
      labels:
        app: hasura
        application: cdtn-admin
        component: hasura
        owner: cdtn-admin
        team: cdtn-admin
    spec:
      containers:
        - image: harbor.fabrique.social.gouv.fr/cdtn/cdtn-admin-hasura:1.2.3
          livenessProbe:
            failureThreshold: 6
            httpGet:
              path: /healthz
              port: http
            initialDelaySeconds: 30
            periodSeconds: 5
            timeoutSeconds: 5
          name: hasura
          ports:
            - containerPort: 80
              name: http
          readinessProbe:
            failureThreshold: 15
            httpGet:
              path: /healthz
              port: http
            initialDelaySeconds: 0
            periodSeconds: 5
            successThreshold: 1
            timeoutSeconds: 1
          resources:
            limits:
              cpu: 1000m
              memory: 1.5Gi
            requests:
              cpu: 10m
              memory: 256Mi
          startupProbe:
            failureThreshold: 12
            httpGet:
              path: /healthz
              port: http
            periodSeconds: 5
          envFrom:
            - secretRef:
                name: azure-pg-user
            - secretRef:
                name: hasura
            - configMapRef:
                name: hasura
      initContainers:
        - env:
            - name: WAIT_FOR_RETRIES
              value: '24'
          envFrom:
            - secretRef:
                name: azure-pg-user
          image: ghcr.io/socialgouv/docker/wait-for-postgres:6.56.1
          imagePullPolicy: Always
          name: wait-for-postgres
          resources:
            limits:
              cpu: 20m
              memory: 32Mi
            requests:
              cpu: 5m
              memory: 16Mi
---
apiVersion: bitnami.com/v1alpha1
kind: SealedSecret
metadata:
  name: hasura
  namespace: cdtn-admin
  annotations:
    kapp.k14s.io/disable-default-ownership-label-rules: ''
    kapp.k14s.io/disable-default-label-scoping-rules: ''
    app.gitlab.com/app: socialgouv-cdtn-admin
    app.gitlab.com/env: prod
    app.gitlab.com/env.name: prod
  labels:
    application: cdtn-admin
    component: hasura
    owner: cdtn-admin
    team: cdtn-admin
spec:
  encryptedData:
    HASURA_GRAPHQL_ADMIN_SECRET: >-
      AgCBwYHiCiPMR+dUTXw91g9in4wbRwKd4hdfKGEvciO2g7632jlh4G7q9p9Uv4oFqhbVmONSPgKfO6Pl75tOfq+qBRwXniWNQ3mFMGICAt1W0QNYYSBvBSq8PpQ/UpN57zA6LsXiAKo2cBPLvFmyHrrIl2dhhwxCNz0pfrQJeB5mZojIjD9qWBkkdInkIp9Ic9o6kuC8V7XuiiRDwqrRShvhZcc6/pPqxI5PN7Qv06G2q6mcHWelFJJc9PzLqR9CnSfMVM5DWzVZYk192KSATkV3jKNLY1F9ZqM/izGC6IwJq5WQmS5KbEw1Xvmnf+oeldk7TV2G42vUc7INTwRwHq/1V6obllUOMD9RRKYjBm2c64//EWS4hbKLf/kF28qjBkZQTYr7ToYfcH4etBdGHUP5hZ6+nxHV3S9qsfq/QXMTaOua1dKtDOBYNA2CG8aTdlpPT8ZKyH9K+Sf/J5i8/lwFl8ExBN4sdxElUKcl8qLwQmDp5DU5StU07swqsmc0MDLog6xrbhy4Hw4DCEp98i1e+PxCvn3pBkWsYC4d9lS5ZNx2m8d6BLo3jcDDJC8gE0mGhbYauqXy8BVEfjlxja4V8k6va4VKFBLePR6h3zldqNmI/EDc8NOOL8ApK7q5QpB3e/tasKc3ZnJn4o+RYq1kg+AgbwUKDR6JdwetnAY9VrFS5bOoFRo1VXAZIZ6zuIV6+NP0Vc9TuNX7gPgzm9EG5AbFF4d02wrhEOESuWnwlQ==
    HASURA_GRAPHQL_JWT_SECRET: >-
      AgBsyXBoL2VRo5DZ3mwg7XtRm+HvPMVs8xxcL8OHaHsiAeTkIbLnBShtgOIwOYTWmoGjLQTBnPdrbKOzqzZNZVdZojPqZeFuxo/Y0E72rnEQQWTFCmQ7wwJxtWnMaBBukqQqMjhqBD1octAR+B5693dLRRd4bgjVSOY57CwNh15S2bXLNNqXPbmQMhlM/8xWEPFTAWs/9CT7ARnUgOEPThQ3RrFKXyJvCByVVz75Ly1EEeVHucfN5PngsN13Y5P3qDSOSBhbfn6+zZqSrvfboMVF4lACwKYoTulUkQFTboxuHv1dsepqA0y7fntcOAnoVDwe8CryMUX4+vJb/ikKfFhkl1h+NyTRPzjbsghxEWvz5jsnaLeJGZl9yvkZoVpIpxfQFIE1ATORgfWiB4qs31bbl24EH8m3sTMsBzC4Ssjy8/5zd7hDP+mmT8IUIaoCNf8CCGONPpw9RzgbX2xdEhEKyR8DMjFEPH05F8lamHcj4u8z1w7pjRL1hzfu4IZSnawwJ7AYqClLH4Gfcvw9WdPTUazB4/A6/xAM0gKMCuueNYfegHmWReD/Xs2pMly14x7tzfT/h/b9N0+7diJ6KkieO6VFxc7kDhTUZZWZtcsmfigO4wFDXINZNJX/dSKGj8YO2pp8HvsMcTEL+EVE74ZRLCH2bq7GwATTxInRJpkAUBTYmeI8XtbHF6cEg+bignl90CFfmwdSrD+adSD1v7nHpWvysOkfFDu7rotthvlE8HpFKReaomoyiAybPUPABC2ftMOzLpD/iSgmVA4YrU9VJKxkOrMrjF8VnvG+bkTEBrqnRg1T8fL4zvzj1XB1g5ZVVry8UGeA+s9uJTze/iF6BmccHw==
    PUBLICATION_SECRET: >-
      AgBcsYTPFZtlCxaB6GhB+y2Bv2D+amWD188Hk5HgYVTz18yWpLlqQiylERizCGmqrH1lQM7UeVyhH45e90BVcZ2M2B33S1HKCtElIIf8ZpTI3XM2HhlZo0z9ij+lKi3te4e7ccjvgjni8FuxUv/C0LW9rXFJ93PsxdSQA8b0VyFohEKGmzFJIv+vuNopyFxpew2EtgSES/n3Km8sySdqFGiwwmPx2L/fUDfdvsW1pACsitvAZe3sDfi/Bq+d6psLQ45copWDhJDhP8GuPgVeogw9mHbTTeNnqHffEvBGQyQMmuf21CpFd4OCjuw6W7kyNxqno5eGs0pvQut7Bx+al7AHGKc4fNF3Paz9z+YZU2qCffdtUGtQ7ZpUvK07o03FCgb1KMBABrLBVxRurde+4AutBYhgSgRQhY2d3O9fwIUqB6oFF4YhBXo4YZUa0BdxZ0v0gz9VyaTj3/jjg2aC/VHi3hnI+zyO6cSWDzSiG7eh3XZfUo8gHwMY4hqqsNKJA++9GjMufsRRReHB+7GbDxiWidpiHD0eMUfR4AXj/4fUPk8mIR2HMHES3XlBvdOjHwvzXpjIyI0WJNMisv1K4IzOPLQ7MLmsVwa+LJntUYZxS7p74tn/DXDZ5bQ5pVERMKN8KcSqigAoLssYkUsUGMvnBRIhn8d8BwZhJvz5PXHuneyiNrQY85v/rp6j0Ls1/pCBQF6LifHFlmd3uVArVUskqvkxcfa17X84u6oIqL9hWFLdJyPnifsO+SUvyEF386V+npsXpbsuHPf3UjzzXAUQfiXMQrjQH+VjfjilQnTLUB1h1/iX146w
    ACTIONS_SECRET: >-
      AgCkkuGEYepd3F5aYpHWr1UKcFYkA2a0xzr4CFYZgQ2JAA0bW3iPuNEWEZUNQvH8fiwQXn1rv6tP47s8uxeefJzEyMmjxF6Zia9nmdrfwzEZ9/4rjSKT0yXqqsnpq/PaJhQKcMZV8MXTA//dheFGKZzWgoEUJM1VsoVDsoL5xwA+qq3Y72CtPsFOMoVtPBmUauvIySYVf2Nsn23s+nkP0crdwigpQ5030QQ+gyJEm8UPD68ibNkcGR5/NhFsNu29EFwbWLq0aXG0q7q3bS31Yo/7ZebRNBb7vcDqOcwu7xQBbg0OOweNbTp4xBaHZCEhme2WEc+FZIwFEWNyv7cpwLSjpJYtKZBbFEFzEEKINFlIKrLFEEWodS0/kKrlLRD1oFWilfa8xhk2ZegKA1G5wIrJ0BEgoIA9JnjPMEAny8/wEGSVJAUvsbKMp7NManU7kCRalD6GmSZ+Oy5ZEi8rCorNT1rAQSEERBpCMsglnW5XGewf4TlLrIM4ynki4DUlu8CdG3zJyqjMdYHAcL/2JI5pMjg4aM00aAS7ZlmYOTuREbp19NXXJf2ScCpXHjWSHHjxzAZpa4pxHZfnmkYWgo9g/eAq/W7WK9oBVO4Cla3p+cuH/sHsSIY/2dga/slAyhHzhzJ/xZeQT77a5FxMGNHrk5nv/XvzLWZO12Tnq2GINQsxJr0Xs08Xiqzpp9oypCgJkFKyAQlxlSgcqpo/cFgb2m+5M1YOX6agvZiXnC2izT7PmCvtUiRrCv9Fby0DYY3WayF5kI6lpoLcl1oIeY9jyzlRC760X7A20xk3+g70vWdBGwPV7xFx
template:
  metadata:
    name: hasura
    namespace: cdtn-admin
  type: Opaque
---
apiVersion: v1
kind: ConfigMap
metadata:
  name: hasura
  annotations:
    kapp.k14s.io/disable-default-ownership-label-rules: ''
    kapp.k14s.io/disable-default-label-scoping-rules: ''
    app.gitlab.com/app: socialgouv-cdtn-admin
    app.gitlab.com/env: prod
    app.gitlab.com/env.name: prod
  labels:
    application: cdtn-admin
    component: hasura
    owner: cdtn-admin
    team: cdtn-admin
  namespace: cdtn-admin
data:
  API_URL: http://www/api
  HASURA_GRAPHQL_ENABLE_CONSOLE: 'false'
  HASURA_GRAPHQL_ENABLED_LOG_TYPES: startup, http-log, webhook-log, websocket-log, query-log
  HASURA_GRAPHQL_NO_OF_RETRIES: '5'
  HASURA_GRAPHQL_SERVER_PORT: '80'
  HASURA_GRAPHQL_UNAUTHORIZED_ROLE: public
  PUBLICATION_WEBHOOK_URL: http://www/api/webhooks/publication
---
apiVersion: v1
kind: Service
metadata:
  labels:
    app: hasura
    application: cdtn-admin
    component: hasura
    owner: cdtn-admin
    team: cdtn-admin
  name: hasura
  annotations:
    kapp.k14s.io/disable-default-ownership-label-rules: ''
    kapp.k14s.io/disable-default-label-scoping-rules: ''
    app.gitlab.com/app: socialgouv-cdtn-admin
    app.gitlab.com/env: prod
    app.gitlab.com/env.name: prod
  namespace: cdtn-admin
spec:
  ports:
    - name: http
      port: 80
      targetPort: 80
  selector:
    app: hasura
  type: ClusterIP
---
apiVersion: v1
kind: ConfigMap
metadata:
  name: ingester
  namespace: cdtn-admin
  annotations:
    app.gitlab.com/app: socialgouv-cdtn-admin
    app.gitlab.com/env: prod
    app.gitlab.com/env.name: prod
    kapp.k14s.io/disable-default-ownership-label-rules: ''
    kapp.k14s.io/disable-default-label-scoping-rules: ''
  labels:
    application: cdtn-admin
    component: cdtn-admin
    owner: cdtn-admin
    team: cdtn-admin
    app: ingester
data:
  NODE_ENV: production
  HASURA_GRAPHQL_ENDPOINT: http://hasura/v1/graphql
---
apiVersion: batch/v1beta1
kind: CronJob
metadata:
  annotations:
    app.gitlab.com/app: socialgouv-cdtn-admin
    app.gitlab.com/env: prod
    app.gitlab.com/env.name: prod
    kapp.k14s.io/disable-default-ownership-label-rules: ''
    kapp.k14s.io/disable-default-label-scoping-rules: ''
  labels:
    application: cdtn-admin
    component: cdtn-admin
    owner: cdtn-admin
    team: cdtn-admin
    app: ingester
  name: ingester
  namespace: cdtn-admin
spec:
  concurrencyPolicy: Forbid
  successfulJobsHistoryLimit: 3
  failedJobsHistoryLimit: 3
  schedule: 30 0 * * *
  jobTemplate:
    spec:
      backoffLimit: 0
      template:
        metadata:
          annotations:
            app.gitlab.com/app: socialgouv-cdtn-admin
            app.gitlab.com/env: prod
            app.gitlab.com/env.name: prod
            kapp.k14s.io/disable-default-ownership-label-rules: ''
            kapp.k14s.io/disable-default-label-scoping-rules: ''
            kapp.k14s.io/deploy-logs: for-new-or-existing
          labels:
            application: cdtn-admin
            component: cdtn-admin
            owner: cdtn-admin
            team: cdtn-admin
            app: ingester
        spec:
          containers:
            - name: update-ingester
              image: harbor.fabrique.social.gouv.fr/cdtn/cdtn-admin-ingester:1.2.3
              resources:
                requests:
                  cpu: 1500m
                  memory: 2.5Gi
                limits:
                  cpu: 2000m
                  memory: 3Gi
              workingDir: /app
              env:
                - name: PRODUCTION
                  value: 'true'
              envFrom:
                - configMapRef:
                    name: ingester
                - secretRef:
                    name: ingester
              volumeMounts:
                - name: data
                  mountPath: /app/data
                - name: tz-paris
                  mountPath: /etc/localtime
          securityContext:
            runAsNonRoot: true
            runAsUser: 1000
            fsGroup: 1000
            supplementalGroups:
              - 1000
          volumes:
            - name: data
              persistentVolumeClaim:
                claimName: ingester
            - name: tz-paris
              hostPath:
                path: /usr/share/zoneinfo/Europe/Paris
          restartPolicy: Never
---
apiVersion: bitnami.com/v1alpha1
kind: SealedSecret
metadata:
  name: ingester
  namespace: cdtn-admin
  annotations:
    app.gitlab.com/app: socialgouv-cdtn-admin
    app.gitlab.com/env: prod
    app.gitlab.com/env.name: prod
    kapp.k14s.io/disable-default-ownership-label-rules: ''
    kapp.k14s.io/disable-default-label-scoping-rules: ''
  labels:
    application: cdtn-admin
    component: cdtn-admin
    owner: cdtn-admin
    team: cdtn-admin
    app: ingester
spec:
  encryptedData:
    HASURA_GRAPHQL_ADMIN_SECRET: >-
      AgAXpaEn7VvA74TYdnWAv4GgA2nuqDdF4cBDWrd543XFk+cm4xE5jBeMWywrOW7BrEYwFx+GHFerk2pvUIqaZit19NbxiABj0CUq7gBBK8l6INI5a/AcVuB0BU7DrUAz/NwV1RY/c7vcHODSk9XDw8sTz8cqaxlN9KVnZBQsjXJKn27QKRzScs4tSVTSn6/QVJ66/rhGdIpwdzEHbFo1qCV50/0qzjpYk6JTrozPOqFXOeEkGEHUQwnDP7D9+FttmzPN1Crbb+NsA9nwNO+viRJ+WwT3dIAD84LbI9cAWpSse4+dIcq7I9OQ/fFnrDaDO1tZhs3KVsFlfANfyJCb2YGwBBjFGDe+zxNRIb/w5fPGqpgRNoHhTzWHhdQZDFojjK50gDkbY2ze3fiz87s749GdBA5uWHfOsL2m0l2h+XMAmz5lCYMU0y3AcWAIRiVlMsvEoYKVaxRVENYYHfJP3IkScLpkijZTjMlPhyvPHyxfeuo3lEq1HPuvSXQ0NgyJCjulpDYC36oQvCZ4yYXsbXoNaFhO1viEZWCVLc62gdWC4mMqLvRbke/XchOVq4ccnA9N14BBwvxIg5idO6z6XGVrFCRk59899AnM4myBDBxPA9ch8ahRC5gdqNGwuLDnJ2dquLfCqS+bA9oi7WS7Qa4FFdLRfCfxDp8txoyXl2L1MbttSr4F0RG63PM0NJcx3cofiuUsQX4Vn5jOOWH0AImMyn/u39bfOZK80Z5sRKZsVA==
template:
  metadata:
    name: ingester
    namespace: cdtn-admin
  type: Opaque
---
apiVersion: v1
kind: PersistentVolumeClaim
metadata:
  annotations:
    app.gitlab.com/app: socialgouv-cdtn-admin
    app.gitlab.com/env: prod
    app.gitlab.com/env.name: prod
    kapp.k14s.io/disable-default-ownership-label-rules: ''
    kapp.k14s.io/disable-default-label-scoping-rules: ''
  labels:
    application: cdtn-admin
    component: cdtn-admin
    owner: cdtn-admin
    team: cdtn-admin
    app: ingester
  name: ingester
  namespace: cdtn-admin
spec:
  accessModes:
    - ReadWriteOnce
  resources:
    requests:
      storage: 2Gi
  volumeMode: Filesystem
---
apiVersion: networking.k8s.io/v1
kind: NetworkPolicy
metadata:
  name: netpol-cdtn-admin
  namespace: cdtn-admin
spec:
  ingress:
    - from:
        - podSelector: {}
    - from:
        - namespaceSelector:
            matchLabels:
              network-policy/source: ingress-controller
    - from:
        - namespaceSelector:
            matchLabels:
              network-policy/source: monitoring
  podSelector: {}
  policyTypes:
    - Ingress
---
apiVersion: bitnami.com/v1alpha1
kind: SealedSecret
metadata:
  name: azure-pg-user
  namespace: cdtn-admin
  annotations:
    app.gitlab.com/app: socialgouv-cdtn-admin
    app.gitlab.com/env: prod
    app.gitlab.com/env.name: prod
  labels:
    application: cdtn-admin
    component: cdtn-admin
    owner: cdtn-admin
    team: cdtn-admin
spec:
  encryptedData:
    HASURA_GRAPHQL_DATABASE_URL: >-
      AgCN9o0yHbmkMBkIYMw2u1e2ESMHb+r0IugRmi5hl8qE+Ff+FwjKzA5X202X9f9Xi15rBH3cOUb8Fd6iII2BJpZCNC8R1xBiYZHjwPbLp/dsRgap/S2Xk5d7l+dbwgiaaVvWQv2usziuvKr5vTZ3E9W3qL8K9R7tqOKehdvaGeb7c85zc+PLCiPXya5NrlmT5SEqD5nKBie+5oyJTjEzYDJWoBWusg+8hbJ/b9oGMWHkiQUlOabgSGDbv5nbFMuWkmwx9R1SZl6qrn2FIyr9mJt0NTWBmSgFnY1uZFl/eB/+cs0XJHZB0F64U5nItjWV5rKbN5h0TAAsq6+YR88bkmhV8d0hje60tLR8SAEsimEgm/GvRRrQDDPhKAYzXAsiXMRLlIfSQPSKI7tYbQ3FFT6dTDVbp+UP/MFI34QWhGz4iwzJbQes0BZ9kvfhQTImCBB6RsfSenLn0j2BBgWYNvTT2pJt4JZTOB+xFcgLh7VBVFBRIB53afMaQ8OTQhGz3S+lmNMTc5GxfiTVYrqfTWsDXEkhtUwp6CvoEkRAH+7d7jzt7qfmlo6IlkjC+WrdR0Ne+sLBkCfb66SAmml2tXz+8pwHMA2IQ18z+e8QEjL5dNvSAI8JxCU/xnnF8ba8NgTLVN4YRwGyzQMELszCbRyqugMVjPS+hM13dgkVTcX8Mn4uOurXwzHY12EqLTKhICgFPtGsD9Hpnvzj/WrPfDyHfDsEDO6I1+JqTQvtTDHPM3OvoN+sCrr4mGp2ZYUuf7yvxfyERmxAo1ACRDWl9KkJaOUIzEHiWsdd+yPj4G5NfASSSZlaGoB1XDqP/OT5XhjD1adLkUUODnb+0lLuBHBHv2xPbNrBTAVsZf1+3ji/
    PGDATABASE: >-
      AgAB1muxHlOOqYqrRtRxZ6zGcMnjAdesKJd/i4btkec2OcyWIZGsaqOBuRk1qeRB57rwJcp3VuxKDr7ykWeLzFYFRjZbY6qq9iAqgJcgFEy5eukZpe+BQU3RYzhIlhKPw10foJgObWnHQ6MmHLFAwctciD9sM70lgDD5YxB8i6Jt+m2ZDLioo0fIcdEEG/miFs6Cd+7qNGvmGqSk7y5uqlERmsn3wh2QNh0t6RNZCFuUH3Uhao6wgboqoPHe6DDyDtAgBSoWXnTf+qxAbCR1FwX82TLUJvhHP/Ve+i71KNJ+Jfpl+8FYi3jFg37dgVu/tq30UV1XNt6n55B9N1Lkld1Lbm1UPaGnR9MDAkuXDmSOO71Rq04qZSZ+byqFPWuc/h/RRQj/4u6dIXjT4vTC/IfijSYPRzty06HeHqZBlIm+Shm9ky4iCysviYLGWXE2DlIzglfvA7/RP+yD9+PlGrXeU4ubHHabxJVK3iXPMmQEB1ju7Ew2+YIbzd2BI9hSGCzHLkJ+hvyvCG1sSEvrAfyylEM5h6sK0jFcSqCCV1jPPIGonbgadVBXvp5gUsBBC/yRurscJM2bjKs3fSDpMu84308RrTrMeb7QbjFQl9OGk9tlO8KScZQIWlYPJhKCvwlvKsevu0i2J3tnJ+lnKuyaNU+D6zMa2u87orUuvj4mtRpWvpm4B/2jrxi0fF2Q79/IcyjahC7HYTYZsg==
    PGHOST: >-
      AgCZWAdQ8CU146bG6DWsFa9jroHY1JmkqhCKsrDtcFVkG4L7cfUDyM/1JQgdG3lXwi9KczuOvhXfmGJaaI5vOu6hAbLDQ7TBsQQNTbeOF1vgAB8eoW9YiMEXPFnXeTnTY5DSK66JklD3mgZa/SRm5vXP44y6IoO6utGCOojphbGUImjbWrxR9/bS4P7jU15OfCp9T8oh8dho6sCauUtpHB8XSROOotRemT7fousLlPis6BzKXRBvLqD9ML4CuvmYSrTZRkajKZqf4xrHyLgeVxgpDGunNGlWzNixKiIw+zrEMbd83PNbKwvyJZPfWgbQ0i7HcIMmRvLSOXBtas/vUyZAPnQbZkJDGKu7FaSLQDOeRiqtYKoC6MsGmPSJsdj6VOjHMVA7wA9QRrGsRN4ojxLm8N+Glae2YzjK/ATq9Odgnr6g11e3nHYkZiBUqXzlOz+gA5Fcpx6126QnUWF2AhesfTBdHreckQxHbLKjuorMgXVCHaKnyIfrdVoK0Se7ZMgxX3pzFd6VpSK1sYZoo1cEv3TwBgScWgOhqyW8Rr9aI17qrdlSEJkIE7D+G6nFDyFb1nkpdlUGfmHcNCNXUQ5gMDnoFrXNe64H0xyVESbHjbBpLKEUO3spPK5qru6z1a3MwvqGutnwzYnZVvJOLFUzoOWKxH4xxosArDvllvzizLee2uuA0JLP9xMgnS4lTYnccMkdVB2mWyJG6SB660tZd073qhF4anrT/f947c9jaWlWEbOUaS7up+Op1PDkEw==
    PGPASSWORD: >-
      AgBcVR6Ir6GH2tA3+QZT8dVwKCrUHaJsQcIiAidnTRYH8BBekQjLlQXodxk9WO15PRcDI6NQRCMWTCCTrK4mIRR8zawB5tfQ5QJm1hf+yXtxTdEigXDsYOMtDamVZX9uGs6vhGW+oSyXYEv7Bzw0bB/9aIqgrDYlO5YPJOAjWH+XaqFZSg4G0HDB7XlGx2xDP8DA+hwYBPZkXsUNxKBKAFA8/hS3uloam6yr5V1yZVpEaV3SgX9qTNkJNMXS64+6i4VPh9H8tAAUyLYzZYnFgU4xsbNDcI4VBn3nX6/Ihd4g0vJgJXTpEOdjbQCCRTGYIMStJWsMHtAADobLV82rLCZSahMug/6fuwaXgyl3wD3y4YL7bx0rDhIwYXr+/WvePEoV7zMmSn0OxwoUKhcZ2f2Dn2SuRcs+5+yISWy9pxsScIRoty2LvqTN5qIi0LbvPVCPjFIrsqSRSxmwjiMq+z42RNlvQiwtfnTkOgN9jndN66WKGehsdYgq2qRLN58Xjd71cdMSue+Utgf4jvHdzHiCr+O5R6En2e61Ctj9u8pCnUJA3cqePyYK5ogkFxfuwPsDKWE7Vs1hRszzVTwGgEJXcWa2kjPNcWgTTGuOMGJSSo9O1bQ1m3wmeNw6pSTfcB5/1vh2/WVm2llelNONcSbDy0lnz18vs5FKWRPjZ93F4asW91GkDYXNcBNBKzJ/QGm6hs/wJJteAqMPd/YO01dko1MKRQ==
    PGSSLMODE: >-
      AgCLz2xun28tfpSb7NG8V9EO30zjf+OGnztCK7U/GmVCTZRWi2S35M5rr5D1VP+g/38x1jSyklTM1ycsaPt1JjiU8qyjawc8LYMQ+2gGmhtHJYSQ3fSOAc9MAt5m7jFEMx+Jaa4C0MpoGDjiwFgs/IkzB0gezPrMrycRq+armefoiGVW9JzQZp9tW7ZZT1HNySIsyXt+y/MqDg8jPuCOyeLaJ59x9L1ppTnQXewwe3LeqiTPpNQgR7tgnrzZeDS+iASraWBVmM8UHm43ALCKnLcaPj/RBhFJkLPTsWGD0FT5/lYwdfrxwQrsXc3ptK0805pgSqfIUJv7ZAyk8d5qMCQWTwvAFpcDs+hH0/C3AMF8phN7XWhdrDcMkprNwtulbjRscUn8WsdI8OHpAZ+ziVDR6FdUOos8/m/AlzOlosceesstx2Hwy6aWZRA0nQKF1BUCwZiTQTxcrhGyAopHhdtb5L15MbQrm4ykotUDknYQF/JHlNDTMbajAEBiTrMNAbCOlaVbuUSdJJxCUxusLuMC4ADMrGMfEo3SvIXiApUWvOTZwPFyyw3vBXMvMb5p6JYIO/FyuCjYssJy1kohM7a4hVPtxjKcQjd1CtVFee8AzPsuDWRANN0+8u0fFDfjcG3mmdzqmNvc0pYWmxRZHdU75j8JrbU1ErE5l18pl6EmDMLSWQyxIe+TBP8g5tsiFovius3g3Bln
    PGUSER: >-
      AgBHjU+zeD/a7HAVJevhHae2yIEJLV7aIvVotZsPV+is7afUdfOlY1E/bLiLMUAA8NeoMyev6Y0H2y8o4FcCAzRlfDcZTxLQXvyluWGuVKrWiViFosW5IVKnvw9LW60NxOkHPk0OzgTSrlmmjbWi8gTNmR93c4NTFhHCMSbWyESR5glRKFkQWowGs0xpAr0XHL4OBelus0W5ASzF74KbFXPgjAn0kVfop76ez7aBS0z71Drv9J875IpOrocmOJYkXzqGZ6++2nYN+R8mXlwo6CcMMd277SS3JBoo6vqcQyRNAUj0LjKHH1IX8JDxlQknI6JuYF4NoFPAEDitfeYAroyBmFEM7R+qUgavGFvV0Oldai+291h4VHhsbUMOTPOhtdMngmcWEkapIdrdp2jSwG085bABYKRIO03RD9QFxuuJSAugFSWOThcNabpGK8WCa04EXDiiEuRtuNoon+18fWYKMe9vt9tyKeSWLSxRqjo4AaTtXezA6U/166wIM/TjsrTl+RRMII6NvHM+BimEeoXhhDxdaFnBJ9FsoUKb1myxLfiR06m1z7vj47oeRvEMrdNKl8mFl/KNYqqgwQQVNw9cJKElW/xg/YqSxTBUZexhOgg3xUhVbF57RiQdAH3WkHJkv14ZZpOnu/2l69Vlf9ubii9w0/zW+s2YByeLuHssheutJ9NgWKSfMlz3Cqnzm90aS2sG0bY/XiEyOAOGnUhPFPyJpjHRul8g2ZCazAoA
  template:
    metadata:
      name: azure-pg-user
      namespace: cdtn-admin
      annotations:
        app.gitlab.com/app: socialgouv-cdtn-admin
        app.gitlab.com/env: prod
        app.gitlab.com/env.name: prod
      labels:
        application: cdtn-admin
        component: cdtn-admin
        owner: cdtn-admin
        team: cdtn-admin
    type: Opaque
---
apiVersion: apps/v1
kind: Deployment
metadata:
  annotations:
    kapp.k14s.io/disable-default-ownership-label-rules: ''
    kapp.k14s.io/disable-default-label-scoping-rules: ''
    app.gitlab.com/app: socialgouv-cdtn-admin
    app.gitlab.com/env: prod
    app.gitlab.com/env.name: prod
    nginx.ingress.kubernetes.io/whitelist-source-range: 123.456.456.789,42.0.0.0/8
  labels:
    app: www
    application: cdtn-admin
    component: cdtn-admin
    owner: cdtn-admin
    team: cdtn-admin
  name: www
  namespace: cdtn-admin
spec:
  replicas: 3
  selector:
    matchLabels:
      app: www
  template:
    metadata:
      annotations:
        kapp.k14s.io/disable-default-ownership-label-rules: ''
        kapp.k14s.io/disable-default-label-scoping-rules: ''
        app.gitlab.com/app: socialgouv-cdtn-admin
        app.gitlab.com/env: prod
        app.gitlab.com/env.name: prod
        nginx.ingress.kubernetes.io/whitelist-source-range: 123.456.456.789,42.0.0.0/8
      labels:
        app: www
        application: cdtn-admin
        component: cdtn-admin
        owner: cdtn-admin
        team: cdtn-admin
    spec:
      containers:
        - image: harbor.fabrique.social.gouv.fr/cdtn/cdtn-admin-frontend:1.2.3
          livenessProbe:
            failureThreshold: 6
            httpGet:
              path: /healthz
              port: http
            initialDelaySeconds: 30
            periodSeconds: 5
            timeoutSeconds: 5
          name: www
          ports:
            - containerPort: 3000
              name: http
          readinessProbe:
            failureThreshold: 15
            httpGet:
              path: /healthz
              port: http
            initialDelaySeconds: 0
            periodSeconds: 5
            successThreshold: 1
            timeoutSeconds: 1
          resources:
            limits:
              cpu: 1000m
              memory: 560Mi
            requests:
              cpu: 5m
              memory: 128Mi
          startupProbe:
            failureThreshold: 12
            httpGet:
              path: /healthz
              port: http
            periodSeconds: 5
          env:
            - name: COMMIT
              value: 0123456789abcdefghijklmnopqrstuvwxyz0123
            - name: FRONTEND_HOST
              value: https://cdtn-admin.fabrique.social.gouv.fr
            - name: VERSION
              value: v1.2.3
          envFrom:
            - secretRef:
                name: www
            - configMapRef:
                name: www-env
---
apiVersion: bitnami.com/v1alpha1
kind: SealedSecret
metadata:
  name: www
  namespace: cdtn-admin
  annotations:
    kapp.k14s.io/disable-default-ownership-label-rules: ''
    kapp.k14s.io/disable-default-label-scoping-rules: ''
    app.gitlab.com/app: socialgouv-cdtn-admin
    app.gitlab.com/env: prod
    app.gitlab.com/env.name: prod
    nginx.ingress.kubernetes.io/whitelist-source-range: 123.456.456.789,42.0.0.0/8
  labels:
    application: cdtn-admin
    component: cdtn-admin
    owner: cdtn-admin
    team: cdtn-admin
spec:
  encryptedData:
    AZURE_STORAGE_ACCOUNT_KEY: >-
      AgA8MK7S2ryqvI9wdYBUDpZAHN5D3YBAQAfbGkbL7qFjW7NhsVa21SuQFXahcWE2pl3bG+hOR77DxWidZvl03HxitmZrCVbs5NhuMXaxCmYn63cfeDdyCl5SsZUOlkT77SG0aLy8A71D0CGBxwPtem2wbMdWbN26IRoZ1y7BCTAA+vFyeC/T65/Eo/MCG3vb/C/usTT093rx9pym/1uuY1TQ+As+X1/Ng6FNDHUqBg4jr/a/qZtRVJKDY/xCbgj3AZ43VLSpN2X/N1/n9BdX1Q4HPHuEP8Vlwkt4fjoBlY9iyWUHAd296IfnVbz2leNxySAEMYBdsuE9kRwwY+RJsO3oJ+E7BqnTxPLx145WCqDXGUIdCojXzeAb+yzh4w6ZXFZD86KoDkDigCPswCqydIA0fovS/xJ056dijRMtzzNDVTI6760jUv6N2W/zpiKvz7h92wkqiAbPS6NW8mYwpe6p4PNrPzGxJiZUbYIMFB83KNE3zcj+rDuD9ewIBKHvPLJDpvntQ8QN3AYnw9daqbG9W25Nq1oNEnxS9mYylWeI1JIlMJTELKmT/p9eikIx7VsO6tLjYsAhkKafw99pfLL82mqttzuNYCxauDqXEmYMw28RAwqbkK/8iBqUXv2jvcnqlg8r5PGvDLJnZ0bNdGZsw+tZ+F7dHSbB8GcZ16Dckg7hWjS4iPAZiba+LsB5PRtyxt+y9yLQHQij1sQH8ACTbnLp/SzzRSwvRQb5gYNpQ9274bU7kXms2gtsbBhhP62yn2kbZYEzFuYpPHYRa2lRWdLoYJb7RQomeBCsnIgHT/TidYzRySqT
    AZURE_STORAGE_ACCOUNT_NAME: >-
      AgBduAkD+Xo6ug2BtKgiiC3hR8oiWXtAh9bEJHVODF1a3IpS+apmqfN/EVDtRmTuEpPUqE5kPSusDIDiDXCfBP/wYVDZapDeuP4KLcK9zBSxYXXXEu55ydqI58F9/TvfLsUJThWeaTe+yVUoOZhiZKx19T1Yj8QilunV7AtktV7VnpYa0TXYOHFes3RcXQMGtKN1Uejm7AIxL/4ib98qgziWWTVj6lVBdU4Ay9fP8t/bouOHOkEFZhsAEUYTj8Q93Zv4IVWb9UERP8Rccqa03kz4iThG9Miy6TRNRhaKquTQG2OJ2N6DPgIWqjuzKAKdacgH5j85LpTaYdZMpgNmiv9VHR8sKuk7tSC4MuSeFu+BC1j45CiBfS+qHWM8cmO0nJQObRnxndf7oITzPxgVn5FPmwoqY2AUBGQdGy0fKEvbwI+ogx2QtLRj7Y2rJwCkuAZWqlh3FOICxoR6dHb0nSsmKUf/zi/s6MPugL7XWpnKvvTAttDsLqoGx24QpPe0L+cdukvC5CMMpLP6hhTKg+WGcVIfC2B3hMdx85ia24mg9lvjk3kCOEqS8XkUgKI9R2soEXErOmKk8iMrlPX1huXrMiNnaWkc7uFQWoZxvm0ufeDQ0KoAXnwk+xkuNT8KT+Hy05vqUrWD+GQJFgTbFGLKBXSF8yeFu/tgv8nJXn+p6fjPcyt+31xHfHw9ilIvX3aHNo3Wejer7Y10JLI=
    ELASTICSEARCH_URL: >-
      AgBmkaYd7Wd5Mrgi2DA1AOM5THVx4VSaSK0pGM2a90nLlO9hIQdJLE49UnqTHM3k0xo5JdScOdPvTyXFCl0Egowxlnf3d6k93By2A/LeMVlQqqqJ8AkK7l6LPcVN+cH356I+B9AUIrbTsgjU9rohSf/rONcPA1MXDOkQssHXI/pkfq4C7ZaqXBH1x1hypSMa8pW+Uu8SGgOUCUenBCokwL0H5PlHI/c5sh6LpU+FH5I563Ta8GdKs7NC26CI++D2LOmWJvqye+LGpbfdZg15cLFnUmdDy44CowAbxYdqN1UDrtXH8Nft2iWkFmXeBXLlXvy02pXnOi9DyPB4WdITFjrMV4KTRlOjOBZOGoU2rY/JbPpqk/ctz5CHbtPPKnn56JN31cUeeDQwQl9B+Jpg+COR0mgLzcMIlJTpwJoAj4F4guvGjXGtnBzqPzcETB68owH/6ffmOb/C8SjxXoI0KhzZtnLqUqZ6loOGCvyRGp+o/zYD3y1FppzhpPvnkXNKluM/wSOy1fXR+rnSby1fTivxGJqjMx1jlzSIz99rkIih4L5GLhWn0ZK7Po7W6+9YwHOMnVkr1M8hGJJPNugMl8QDhgA3H7N3aODSfAK4UCQwhIMN1iT7GRBZxnCAGYWE25c1BkWCUQEqTpaVOfG/sPgTfoUAJz3t/UOWXv/XCEXGYiEyZ8MTPYk2ma1npwbPTiWbFhjBmYS7OJQOueL6vXil7IKCbfLaV4MEf3S6Bc5KG4WCTTIbgLxVeQEsqJTd8gaSI4RC0728GyZCfnWxi5xOaYny
    ELASTICSEARCH_TOKEN_UPDATE: >-
      AgBfSEsIi0byKgqb8m8T63VT/WgzxM3qfyDx/yiRjtdoO44Hm/cP2uCinRdHzGZS5hTr9Tzs93m9KLxen/CjvLiXbNUYg68ArdEAgpSPJ/L9Y708ImX5n9RfxkindrSANDRMReT7ywlqJpjve4acPys9yayLe2wmKkIqeHSlkMW3msO91W2+nCb15zHkdRvRRDyDDf8pzVZ871Aj1B7Dg0O4s2WIFgWK2sMvOx1nlxunXzlViO3IPxc0bg4ENKAqWQjG+Ps0vd8ZpsK2JqaDyboMN+Y3QhefX5g+HJ8qNbKyZ84avbadrvE2LaJgNeZxbasisBwmvBRbpbySiTdV+S5TXhUSDt60gm3X9v2xaCHH8GbB+IaOW7fBhS674U8IbWDetwDaLb2hGuPRRR8NvCq4pHV1+9ckh7xOPVDfF+odGsHgvpz6FC1DKx23/lwe4G0HCM0djSr+AkoKO9ZSoGyearAtzeS026EJgcwCk2XmZIQE3qJ6JMkgMP+r+JjLyyW0SO2+iIjTKYq73iiICg/m7UVWAnKEfzJf9TtnmY60AmB+gYURkT6aCsSJThGFHZjWDQC+NqqKAtBtVacbK95RZaw9yj3Vt9Q6JZ2RfM3dW2jr5QmqYQ9P20LoLcE+J0O6b/Bj6oTI+GdULgHW1RZKsFadG7bEIrCr7uC0lxgVA51cSk0+ALmOYWgz3BOoe1E+Fie+mE0R3kMcaoFhbetGTBnV70psywNzAUIl0cPcjylFItneDtCM3L8hC40JyVFU2n+LzH+zQwAAz3U=
    HASURA_GRAPHQL_ADMIN_SECRET: >-
      AgCKIL6+JW9CZTmc9525MKy4uU8E+MB7/fsmrL5tpRSb+teAaiUuTL3qgnoQUhf8dz9T9iBxdAJmSEpoy/yLDEgCZtNYynTJ889GbwoMkPQXXn3WpVVoLXHlpVTCnLKfsaeO8rMeOyDP6ICZMiLfLv6vNcSVqw9vkg15iKTf1mNog4dCVpS1cNcOKQgre+5Qs6RsqURggKAQHlg4mmF5UpcB1pZ9qHr9seM1QedDhOnnFyaVJ6aTjeVAdVs72kn8YkS5oIS2l1CotPyWaaXnq6VM0keb2EhCL7oUI/S1k0rTbFrkibIZUUvs6kuGjTGB4bYCgH39/dEekmgnprimgVlBkVm09yV7FZpA4Nq2aiOs28uKboR4C7Z8Q9RU5BixSc6x6FLj3lasxcxziGgRqKA5gRUW42sKjoU/h/zrw35Bai/Ll4S7uMffXTchcoqzu+SsNlef/A6v28TC6gcMWZCeGp6aEK2YLzt5bz6Cr5X6/G6fGuc48OQXPlSJDzBi8ZUdtFQiXVhEDoFJOBsCI4oZ3uPMJ/2fP9rLWcfvpw/gy1DgvytvQT7Qexy0nO2faz/Gna/ozNql39dNhcIiTHl3pXTrmsI52PxH2RH5iVSZWa/jYb8z+wovUKPs64jfmGbr7RYZhuADgyhKnAvqI4agoNvJHXsdq9/KoK3oujPhlkzWWP1cCGWURFErakZSgUGekSVHFoIrvD29QgLgtQb8tcWoSHYl0+RyIUYJEdIpJQ==
    HASURA_GRAPHQL_JWT_SECRET: >-
      AgALXYpLDIWsqwaUfR9uCG7zflX6ywo6iei24wkFkCYFOGqG1HnGO0+fRMbxxu3Cgp+H+IBuut2wCt5Lo6Cvt3MhKofjYWytvg7vw28RZVb+D7gZTLqmkagZzsdqlp4vlDYMJwceT17xxnntC0uKLA3N2v2cR2BRqREe4ABdnqaBxmnhRb/1Wtv+lotCMV+uLm5XghDWpURAt8BVhAZIorLeHJDr0PWO4mtNRMRs2qNuJT7Hj1WF80AU975MWFhKa27j9G77TonETFYlctukOa1GRzmFafrLbdgukoA6m3/5tdps48xmhbZhos6tsGO3xi6TeHRDHiYZcg2Fq6zg0yVHHvPM8HVNxAfdL/Gf4+/Ilyb4kxwGlxfp+OBauzs9ZMNJ5XfoqH8G3lMoqHB3aPL+6RoGq5/RDLrxkvvXqxC5EG/gKpeNIjN0SSVEMyBiMR3xCCy6VBJai4HEsULxKN94MLE48UMyuvCeWdrG7s1zKHHvWix/vKxwEBxUoD1emzSc0sE2JYMh8omibZQClP1fEWeQkjaDq+fGKzN9VFlci9KLDjQ90Pms2WQNQGQHlGgK3gFhcX9hioVT5Y5JYV6qANbBqzmrsh3IXCuISJhJ/BJm0F93nGt/PiuiyEWoUpNqrSvhSqByU2YQ99zKVwF5a593fgyrsWGaA/IDE0R9kKpb/QbxWZB/5xIUf5g3JebBHK6F/tI2Y5F1rf7k0aH40lXc/tsETYKMZWkqPGUNTBh0g1RHxo6oDZtxKknxTmusuSznflLL3qDZDFbeKgqmcwDVDhpUwURYHPTuaTcvGo8tiRJ0yJVUfw+SUK/85RIiTgBLfVO8I/Ie1HCv2eT32Mwa7A==
    PUBLICATION_SECRET: >-
      AgCZSlUcE0RgvnfmsjEjCK4HLSzhVzK3kZU5xUnH/SWkktJnz11Rdp1jFLgVf75+51e/Sxv1viDP6ut2Y7vBoFuAK/oEO3i6NVpVl2xZX/hMUjKtiIZklGKlGO/UmyhmfiFQK7ik+nctSy7rb4IwPMC54zh+BILe+aPOyXycI7JyuAyVVmEqv/IAL8rAneTPBgy0XC1jWl0TnfuTCzV670LjXP66acsw4tpNnAfKpbePyEJLQXkgp7pJr/vT5Mhb/aY1npnZoSUzc8eCAxM9aWn91J64N9+TAi/CQfFvva7apNjpmHQs5fyVvY5seDPS5fu83SUn0yFyHirlpvfnh/rSzSXsxYFRxu9fWzM7+0QH2sQSf2Hs1tIOt63X3qpXDgMc6tnRUikcoMzrG0GbH4t4uBB7TR6xankD0XqP0fcrjuWHpcY+D3uEs3mKFuF//7jMGlUttj1O/DQRfdAgpc4ilUZDCUoO2Sm67AlFBQ71rExqB6Oo6CAolNVyAk1bc/Xu/AqZG1ccEvVJiTkBLpJ53Yi6hWWlfoAH+ECUJ+axsBNYzAsXil0yyYLsmSVfyw1H6TW1GtH7FW+fV/sEl7ebPj/gMQTNLq3HZ3/DkbrJEvr8BZvmbx0bF4qdJtX6pNZJe4GZo5xjehGcAMxvWDonfL4PUTJmpT2OTfuCKm/ELYy4UVIJjguEYiH8bX87K+vFEF/qcHljhFJLyoEkNFV/FBHqYffPXx0BhCYOAuok2Ag6ZdyRmostH4Bll910L1XluTt1W/AKCqJYRAnV0xP0ob8aJN36WFpJDFxTeEUcZ1/h6v9ouxAE
    ACTIONS_SECRET: >-
      AgCWU6Pn0IIMGcekJimMYAxSQkb9aeuEJ9iSfw79f6LaXeODP1u/K2epb6oqvMaAtoz3uTYM2r8sInJbv1xe0YULFLlo8qzFNaubCcQHg6pSjBTNe/snhgz10rv1VvvYDstMKvelsq++uLc0D4jTU77g5pVYhXbRvx6WaBDV4BD5pld+9z9fj3xSoO673KZduWGL++WeKK+YYDoGxeGq6/3AZ7ZiqXuKACVpOwmhjado9RGZ5LlZnl6mjzlqw9SpY409+EtODRTVtCUT6ZfzaQhyoc8rSB1nhOIu1Tyq9sRx/oIPBNOprs7jTreTu/W7oSXt1nDv8JjeIDG8YDoAYcX6kELvo5SAdo1BhAz83jRfEvvnWFRITA30esF5DHGLaWO+IzolItJYV/eB6YV5jGSazfPNSVxkKj/L5TCRrP0fsQX8DUdJdA4FfVxEjudm1Y8R7MACSOl838syUiBQfJ1mH5vBQvrMvo8gM2O19nppcqv/KekMQebisKa//kGuVzlMCgLQ4fBb91S5HDWcdFjomc17Oeh1u0lF/LHsuW/2Y6I7BqgCVUSCDa7rygLs/0l26EJRrJPc2C8jsWzE+nWKICnASnlWQCgJR6InhUK01cnFazrU78es9skz7ddna8gPtfZ4VCwEozkLYoDL+AgEm8yPZGji1HG0SiouOfbMT/V8hXE7yMoybxSjllYNvEY8mpErzdr79wqs15jYCS26SBvVCxwyGNwi703gvMSVOf7l07C0ycGzDDxbMB97CQghuBWQ+Qi5VlS5XrpkpeQ17d3Xse4ybFLln1c8bLxDTjLvQl9IqlpY
    GITLAB_ACCESS_TOKEN: >-
      AgCR0R6Plrq3ghqinacS+Lt93+QykFGjtmbwJxz4fnLcdqBCGXIppjgtnkDPqVTU+X0Hs18jV+6lvUDXnu3Ub4U9XGmq3mmWEe+yP8TQIyn4hW1OxdIQv/Fm0xHKVbWFYetf/X4K3vpuhzLD3ZbhIvJGgMyo2oD2cdVFV4zLEieRoO2Hs8QHK5lRTzaCXRQI83ZqwT3Tpl5qBohVGPEv99xJi/azlWzOz21lpZlyvTTQhgyH8V4xc6cf4mIXaXkNb+8TW4WZ3ZMP4wMx541hQLQEV00VGghtB/1WbilVFu4YunUc9+bWwCqYmUwk5mY/U5CkRYGi2cQFS73vWZRH2YgJSDYzCfVowKLVpEi8hS5cvS7gcn/Zi1pq6m7YpJK0cUcd4krtr7akQDEz58INeaGXMCvh/8T9VU6cfLw/sz8v42tz5qtVJUCGLMh8cGQErGtd8ATjehxqZMeOiJ58kGPxZ/xmNxKzGrXm4U7NCbu0nJl68bVDZvCqqdLbu2NvAgcZnf52rmg4Q4m3J2vnKNBF2gjdpfM5r4OPogfkJ52ggYEH0mn7Tl5E53W+O8RGh1tWdk4LpH221WEES/EbCXToDCwXZEFJqzeHIAhHkvNIf2QcdgBVxxYfvXgmlrhpH0+dXNbWb9DUyze+hNLlDAQ1rWYWD4GTrpBxvywBcsYeSQM4Xdrxj0Jt3J89kTb1q4j9+JKdK3LKYVW8UrpyVWtyYckQyA==
    GITLAB_TRIGGER_TOKEN: >-
      AgALkMX/lT9u/2ACBMRH9UC/fZz5Y2EGTNauHhx3szgO7Oh13OJkMOEnqYwwzT/WSsKehI/HLO9l9//eG2Xf/F0wBaU2KbyBJK1wdDjiH4OFfCHp4nFCrm5MyfMQouUVR8hvdl0rM6gkh/Ir5PNm2So0PEeSUYEmie71BLaZriGrakUU0X3JOecEeJjl2880R2Kg8dI9WgPjJQBCQYtgixzi+r0RzDTiN8JeZcFkhXrUt9MoudPHXqphNhffcu/UXgdv4el6s0BwG5qSBwZGBtxJ2ESGnTo//fENUyo9AId29tomD1c41xfh8ZH2syDfxYm0QjXxsYk5SRfupC1BFkRlApYh0gpyEkU2Doy8yDDD58DQ0BID9lDnRvjLDKkFbr3l5iJck7MhZfutU+7Qc01hg/F3iVgV8Fhf8+Sn57Rsq90dMAXOVLihpR44H3JmNJF+3uRCnBpgfPqL266LS/Aooj3m9Gf4C7fD4OKsiXs9wR8mk5S6NlmTFq98KsGUYN+mL2VwlJ5pkppai2vHuCwYMqgeePS8t8uJJe8uPgOacotk9PQ4yG+TnI/eNBc0LeeM7eOgkWDU9XylkixmeSPKv8THtZgLzgaCm/RPpTKr7gHjE1a/TGrH6e3xb361NMSmJ9OYItRzIGV4HmzUS0RkmAwzaxTBxRwBvVjdunIamfM4vU8UFVgVSfKCDaQ2xhusGZ5OJCMxLYjco47aXt+HUX+JViEELZXlECjQWHI=
    SMTP_URL: >-
      AgCqFuKEjVA6tgdsxGgY8keFMW2TvUP7uT6g3dNp8rJ39vv4mMd1tq8ovhcStAdaDLYN6ABg2mZbiVziHLc69RSasMXZttq0CnEvJZJm0cT2FTVNPjIKl8/ztTkfVqmdyR+mnZ/SUmpIN0RqmYoPP24MDVV5DdYiyJ1Wvhn1JSFRrnSbQWGUkz1WDbMbIoQFv0R0R4H0wWNUXgnTDcgU0icdYfM5aS0iiZA/4KUNwtMwvchM1D+knIxVx5LqhdUSYA4IZm7jZVEIWLwBuoqQp4FvnTJCBq401JAUaJUvEU5PXH/4jehsrOKAJxeUEpcwi99JQqolztaiwayazUfwZupQzMmwZQnSEDrhu0vv45SVpr340QLiKCFSEOiQQKBVnhJl++NNJWZurue+JXKkweF2NGokfzAU3cGQAyeidp9oyU++D0OoXoro3ebsHGl0rS7VoJKr5DUVv1P159pFa7rf1eeli8Av3FfV89qxCGO8u4WfqD7vR8v1AznhVRJ06i9DVgU3t7w4rTfpz+TecaqE9dDadpvYWBYyQuc/c71ITjBrxxxCLU+pXtHugzgxknPq/QMFSNORM5+DqWj8oXpCrJ4OdvKr2w7hKhnEHfS6W6XrHp2wvy/jgcJDWItU1HGTSKC6L5s9tkOL5RJNvY9MtN+RtF0wrZap3+1jMt+UnR+zfH1+wpXM3m1MNnwpsB4lyuDeeSGiBgozx/ps0n/KRg==
    SMTP_EMAIL_USER: >-
      AgCAbWUriV9eddBicYAGAbh4gUL7UUS8TO82d+d1aakTh4smOeXPxzspjAgW4jx87NPfkxQTM3Bn7UiyBDnzvX5pkBfgoLk2Okw6lDoo1rr4cG/joNa6YgrLkG0GxM4U6jalrt17czWTZU4aG65d2hzzau37n1ND7rZcG9z5ghJvBwsl/Mw8QBAMzjHP4Hrx+ko/wMFprQ7TXcRb0Bwun3LYLk/dsKQPhlvGEwypCcz0R+i9zMTOGDaHpH8ckOPgCkq1YQZaSP+YMoSRf+uPcgQaFQzjJijW5c/G7WYLV231dI0N8iHQ9D/nYX3pLNbgeFx4Xv5u149z5B/lDFAhuLoEQCAgb6f3vZK9SCy5MVcs69a61qmt4l4g+k0OQa2KQGusUhjYQgpP15PcS0vAiUqIuWfDVeN2XjDY4ndOOdGvZI3Ha4WkF/KXGmzga2H/B8pJv7vJU0ZLOalStfvbisRyrAXIfuP9xWK38ueM+EMecwpkjsSo7tVYBTq4a9/Ex7KGmO709rCFD7X1MNCeIKhE1GYfVuvD/NZd7PQuTPlPPDHNqioE/LFNP+LTbOQyZz/qPVaWf73bROaR549Ly2J8VdxhL+vVMX1DYwX5neP10+c1kQyyeJ7WDEhPvAZjxoAMqRQqZnqKmcXrk3yp9gZjN5rrryvMXxpHLaXtwPd2BmvIVX/1TBMoFDzWJkA2YbYS6f2C7d5DEy5kfUsVo3mecdNzLoa5BI+r1lcvWXG3cw==
    SMTP_EMAIL_PASSWORD: >-
      AgATIjhVjzNxsNBAGLcaR0wb+5NO6Q+lZsNf/DF6ZBSfjDyWOigApRZuE9nThbOj47h1UuUwbO6n9JWM2QPBFIfTFQVc2es0xr82kRW/VQ3sFooalunKeGvyDwlSjoDnrYfkqo/e/GcZDTjUHJXWJwzazPPwNCeFrrY6SLkF4rdT142CBzRb7Fduut/PT0q0Gh7TWIvaZJL/3YKxXBcms4DhJkuWt0jHLkaP7g7h+2XDQU0OIkyOS77V1Idz3xeSWa/xVCtgqcO8KLNihPHYj1rSixucwAsa7sDB1UvcnfMFHZode+nMIffmgqm3j8nflu1TQFsIjarRkSSFF4+j7aYSTMhwsO2req50ynOe9KdvWZI3kmt8+NBdw+OT5Y5jVZAFhN++UL1DguHF0xgt/T06nCP1gBREsONBR316FYSezhQFtGgqN3iEnZIyvyAFmhTbYxFCLu6/fbxYWk+S51juhsG/DQdRv/ooc1MPXiAdZBiC6qd2fEjXqosZTtsWoVKF/jmD777NEwnia9fmmNu+tkPn/5Vn7BBCpkKdFV2TGnYMUkqevTWOABXTAQ+ZDXROjjW6MbUTuP8n0ouyNTdyi/+zpzFutcx5s/CCkj4EFk7s+jIyBWFDDlP4tBAWvlUNSDunU6YachfMSXNKu9LOoAsNuiXYgOkkDhN0dO043LT3umSFo7w8pipjVBZDnRlNMqsCxYkSDwaNAu17ef8oDjyvG14NKm6QnqWfBiof8g==
  template:
    metadata:
      name: www
      namespace: cdtn-admin
      annotations:
        kapp.k14s.io/disable-default-ownership-label-rules: ''
        kapp.k14s.io/disable-default-label-scoping-rules: ''
        app.gitlab.com/app: socialgouv-cdtn-admin
        app.gitlab.com/env: prod
        app.gitlab.com/env.name: prod
        nginx.ingress.kubernetes.io/whitelist-source-range: 123.456.456.789,42.0.0.0/8
      labels:
        application: cdtn-admin
        component: cdtn-admin
        owner: cdtn-admin
        team: cdtn-admin
    type: Opaque
---
apiVersion: v1
kind: ConfigMap
metadata:
  name: www-env
  annotations:
    kapp.k14s.io/disable-default-ownership-label-rules: ''
    kapp.k14s.io/disable-default-label-scoping-rules: ''
    app.gitlab.com/app: socialgouv-cdtn-admin
    app.gitlab.com/env: prod
    app.gitlab.com/env.name: prod
    nginx.ingress.kubernetes.io/whitelist-source-range: 123.456.456.789,42.0.0.0/8
  labels:
    application: cdtn-admin
    component: cdtn-admin
    owner: cdtn-admin
    team: cdtn-admin
  namespace: cdtn-admin
data:
  ACCOUNT_MAIL_SENDER: contact@fabrique.social.gouv.fr
  GITLAB_PROJECT_ID: '270'
  GITLAB_URL: https://gitlab.factory.social.gouv.fr/api/v4
  HASURA_GRAPHQL_ENDPOINT: http://hasura/v1/graphql
  JWT_TOKEN_EXPIRES: '15'
  MATOMO_SITE_ID: '27'
  MATOMO_URL: https://matomo.fabrique.social.gouv.fr/
  NEXT_PUBLIC_ACTIVATION_TOKEN_EXPIRES: '10080'
  NODE_ENV: production
  PRODUCTION: 'true'
  REFRESH_TOKEN_EXPIRES: '43200'
  SENTRY_DSN: https://a5e2451c6b5840c0afa28d5e94060427@sentry.fabrique.social.gouv.fr/42
  SMTP_URL: smtp.tipimail.com
  STORAGE_CONTAINER: cdtn
---
apiVersion: v1
kind: Service
metadata:
  labels:
    app: www
    application: cdtn-admin
    component: cdtn-admin
    owner: cdtn-admin
    team: cdtn-admin
  name: www
  annotations:
    kapp.k14s.io/disable-default-ownership-label-rules: ''
    kapp.k14s.io/disable-default-label-scoping-rules: ''
    app.gitlab.com/app: socialgouv-cdtn-admin
    app.gitlab.com/env: prod
    app.gitlab.com/env.name: prod
    nginx.ingress.kubernetes.io/whitelist-source-range: 123.456.456.789,42.0.0.0/8
  namespace: cdtn-admin
spec:
  ports:
    - name: http
      port: 80
      targetPort: 3000
  selector:
    app: www
  type: ClusterIP
---
apiVersion: networking.k8s.io/v1
kind: Ingress
metadata:
  annotations:
    kubernetes.io/ingress.class: nginx
    cert-manager.io/cluster-issuer: letsencrypt-prod
    kubernetes.io/tls-acme: 'true'
    kapp.k14s.io/disable-default-ownership-label-rules: ''
    kapp.k14s.io/disable-default-label-scoping-rules: ''
    app.gitlab.com/app: socialgouv-cdtn-admin
    app.gitlab.com/env: prod
    app.gitlab.com/env.name: prod
    nginx.ingress.kubernetes.io/whitelist-source-range: 123.456.456.789,42.0.0.0/8
  labels:
    app: www
    application: cdtn-admin
    component: cdtn-admin
    owner: cdtn-admin
    team: cdtn-admin
  name: www
  namespace: cdtn-admin
spec:
  rules:
    - host: cdtn-admin.fabrique.social.gouv.fr
      http:
        paths:
          - backend:
              service:
                name: www
                port:
                  name: http
            path: /
            pathType: Prefix
  tls:
    - hosts:
        - cdtn-admin.fabrique.social.gouv.fr
      secretName: www-crt
"
`;
