// Jest Snapshot v1, https://goo.gl/fbAQLP

exports[`k8s for PREPROD environment 1`] = `
"- metadata:
    annotations:
      field.cattle.io/creatorId: gitlab
      field.cattle.io/projectId: 'c-kk8xm:p-4fxg8'
      git/branch: v1.5.4
      git/remote: 'git@github.com:SocialGouv/cdtn-admin.git'
      app.gitlab.com/app: socialgouv-cdtn-admin
      app.gitlab.com/env: cdtn-admin-v1.5.4
      app.gitlab.com/env.name: cdtn-admin-v1.5.4
    labels:
      application: cdtn-admin-v1.5.4-cdtn-admin
      owner: cdtn-admin
      team: cdtn-admin
    name: cdtn-admin-24-v1.5.4
  apiVersion: v1
  kind: Namespace
- metadata:
    annotations:
      app.gitlab.com/app: socialgouv-cdtn-admin
      app.gitlab.com/env: cdtn-admin-v1.5.4
      app.gitlab.com/env.name: cdtn-admin-v1.5.4
    labels:
      app: app
      application: cdtn-admin-v1.5.4-cdtn-admin
      owner: cdtn-admin
      team: cdtn-admin
    name: app
    namespace: cdtn-admin-24-v1.5.4
  spec:
    replicas: 1
    selector:
      matchLabels:
        app: app
    template:
      metadata:
        annotations:
          app.gitlab.com/app: socialgouv-cdtn-admin
          app.gitlab.com/env: cdtn-admin-v1.5.4
          app.gitlab.com/env.name: cdtn-admin-v1.5.4
        labels:
          app: app
          application: cdtn-admin-v1.5.4-cdtn-admin
          owner: cdtn-admin
          team: cdtn-admin
      spec:
        containers:
          - image: >-
              registry.gitlab.factory.social.gouv.fr/socialgouv/cdtn-admin/app:8843083edb7f873cad1d1420731a60773594ffae
            livenessProbe:
              failureThreshold: 6
              httpGet:
                path: /health
                port: http
              initialDelaySeconds: 30
              periodSeconds: 15
              timeoutSeconds: 5
            name: app
            ports:
              - containerPort: 3000
                name: http
            readinessProbe:
              failureThreshold: 15
              httpGet:
                path: /health
                port: http
              initialDelaySeconds: 30
              periodSeconds: 15
              successThreshold: 1
              timeoutSeconds: 1
            resources:
              limits:
                cpu: 1000m
                memory: 256Mi
              requests:
                cpu: 5m
                memory: 128Mi
            startupProbe:
              failureThreshold: 12
              httpGet:
                path: /healthz
                port: http
              periodSeconds: 5
            envFrom:
              - secretRef:
                  name: app-sealed-secret
              - configMapRef:
                  name: app-configmap
            env:
              - name: FRONTEND_URL
                value: >-
                  https://cdtn-admin-v1.5.4-cdtn-admin.dev2.fabrique.social.gouv.fr
  apiVersion: apps/v1
  kind: Deployment
- apiVersion: bitnami.com/v1alpha1
  kind: SealedSecret
  metadata:
    annotations:
      sealedsecrets.bitnami.com/cluster-wide: 'true'
      app.gitlab.com/app: socialgouv-cdtn-admin
      app.gitlab.com/env: cdtn-admin-v1.5.4
      app.gitlab.com/env.name: cdtn-admin-v1.5.4
    name: app-sealed-secret
    labels:
      application: cdtn-admin-v1.5.4-cdtn-admin
      owner: cdtn-admin
      team: cdtn-admin
    namespace: cdtn-admin-24-v1.5.4
  spec:
    encryptedData:
      ACCOUNT_EMAIL_SECRET: >-
        AgDBP6bl0oCtj8pNcxzKefs1wf2zomcuqB0DlUpxTf/2wbju0ZYsT0gRmm5N7N2VFfvBGyt+sZX3WfLb0qUrymVg8G7ZeDkzD33Vyb/RKJQOQCnIbPjjMjdUw/+hsamWzBldbQ6dr3KxWacS2qflMUVTknF+CLGhW6FoGgM8RGfrtUDMdjdvejoWNbGLrVEfFhPcdcPRR5XXLpZFcHBqgm3vrChES99lZMz7d6ZqJn0YTR6e/tTBZ5LOVN8b17U311wr1apdIyb4i5SnzQsV5R4G1Gwx/Nv0IxNE6jVPfom9av6/V3xi9eim5VhQLz3iM0ciH/0LKcUqUn8wpn8NjBkC8XDAWQgzTUfaeY99YzMu+s2AZUBYI08gTXOLKoMiyqLNv8puiBGqspLHgrI42GP7wN/RVdxeM1r5Hu5RCnsN9LPfQlx+74fAOkZ54vMzn/DueQeKP+d4KdybDQreMkP/DCJAAPR2fJgMsodL8yCT3wETJIAvpIrEINVVSlZsrjp6k+QhS2aT1zXJpngBZDYee58IC1de7yOWHvC97GuAOw3tavjjTgV0YPTJW0WhPq4+A7Ov5dB9iNRafw9pqGwUYx/tW6JT1bQ43YhKNOPaygrUJkQh+ki06wCcbGD+28x/hDfIo8eyUyM94guaN9/XCtxj1ZsQiPrNhrobUWxHBYiFRo52OYdAx8WwN/gWaQ4KGfTBzHO8H5N2bMWoOZ4vna79M6nMkgpnGDlCY/A+Xq9Z+AtMeaHDmsvzFzYSlrxyI7U1Wr6PQXAN8Cx68wgAfejd9Nmdx6qm876/o/4/57RNyQz4KBk8
      HASURA_GRAPHQL_ADMIN_SECRET: >-
        AgBQjjJ+gRfkarPhqzOoW+0eUCNP98jgKY0PTNMHateVsdw6mlBRLVol1WeOmY5jY256vbBt7EX6x3K5CAceGNvGc+kBbl1gQ+ajn9JHAkrIpGErSxiBhddBFqzK2xT6nDFwpeU5lxByrTMy7qPJ+kRPne5V7ooR1qEpc7cl5MfjiaphOE4n9Il6ns0SEIgKxE/rRfwd1loNB8Bhi1dTjQ3pDfml7wKlB77fHl4iASToAEKrMQTgelt100cvq9jyeWR7S5O/SSID7SLe8QSDSW7F8EaFHQEKUD7tXLyxDEVDffnh97/vH0kWmRiDHxDZkkNSUdHImj6m1h4KVVIxKOu53/Kde8BcoiWaiW/sp+hCf7GzS1RX5bAEeYUBXgpt7yfTPaKBisZxDbcaAuYjzRX/fVsg49Zv7F9UFu97o7dheF4TtXAjK1GPxSdxV00ueBaWg8UKS+hPJwtXdWk99rcqBpXaNHqhGdeAivJYKSX+qaSsQtLbI3jqmB8VCctRve40OVXq5n20kjUcyTsCU7XgC8FBnNL2nE8LPQvtz1yE/4crS6MQTFW+eckYorTr9cR1/3odzbhEWYsuto5rV4NL+U5Abl77sDEzIa4SzxFDiHNQaCuMQ6N+xMFddmj3GzZo+dwH0rYiFY6A7ex/WP9dWLTtiyT8ohcCNaa1g/i95GNRE8QU9h/1W8+GQPTUJvQVe8E3iki0gwWJ7W//
      HASURA_GRAPHQL_JWT_SECRET: >-
        AgDNvJB+pqy8upZ6fLNq6tPGwoqMoLgoe+zqHUxcUcNPy6C1v7XrFsa6HIJxvjRZkGfkjRexYmXT3KYKqTXCNCOF4VaNvEWB6AEcKNlwtXcSfgjGSXZWG59zvbTqdlGE0/jqWrL+KI27n7nm0jab5ogxL4Jgtn4z0Ud8NNZIjNaqkIVMqHCm4OCsHRlNK26U1Ax96pJiXTG09KcTWPox6uZiC4LFpm6tVHjICd1jvWecsQylZSW9VZyC1E7TQJUO2HGNM2JAWc75PdKb6DoYvlnTN5cLiv302qp2hhuJnXZP2xRMtWSDYDmK6qHjed3zZmsKSMfc+lCf6OTMOJyfKuT0fKh25sjId10Qgyb9atdKxTKGPsQvlkXgsktDSUyob2ZleIcycH0HcE/R6zoSBvEUkmiXxxXxabjpz9gTPaygcmpp14plylaJSMwgvleWA1v6LhZ375OR3XgXOPN/qix2khe8QiyWeBbtPrSbs8YO2vV3s3wsSNNm9L3OD1eXEuYtuPKHsPClrdJTIJA5g/FDvRLOrhkOsHnVkiGDC5L6rlwOlA9vID0BCXIsPCYjiT7EEBba0UTx4oCeToYXHyimHzTJrm+6jVSKN4X0f7ny/OMUGTXV69HdmEqKdcjLAj6EXCCWUQMB313ZDS6mLi9gNOL+D+6vgvnH+Qwn9TMeRZicI66wIvqzR/vX4FAYDH8brp2fQuKB+oF7pZe1rp0Hi5OegMIOIqrITD1epJDYM9zbaeZe8jNSpqU2mFNKWN34/0261HG4/XNiFKH+H1YYFq8lsB0BRP/R8RedegBezQniQJRimRfyBXJUK3YXDZR51iwFxAV3880ys/3qpzt3DfYBNw==
      SMTP_EMAIL_PASSWORD: >-
        AgDBax5u5arleOLjTV3+N5nlWEqAN0uy30+bGJ5WU1s7kw6d4MGvYHNhWc8/H5mr7OYNcMTbZRQzNkFJFp84H7svaOwqlua6Jkc3wbeDn0MI7+kdKfY85X9dDxd/Hxu1UTPhZaiDD9uPuhEaBqdDhCuZBJRFMfhah58qe27yOnd7u1j7BDFRGwLdg+SZ6v76c1/8GfdySTZi79/Wi97SQw3Pa0cULdDkEFWRCv+f4BdJBrCCZjlrsA8kgPo8gIzRPeSF9TQn8RbfDc8E1tF3gEv2iCiNCjOKGWLhlFw5qNnesYkuYtUD9MQgTD+WTAhA+DO5cKqGPGBAU3FRYSd3tvDsupJuomZ/LoopvOivvcHto9nQahpuvdEShxIRklvsA1B17HjfLKjWTGSat5jiun/pgM5mVzL2NuXSovS5bbbp9sHhoGO1/NF7knDImNcK0qy7A3EcIg9uuxFIeG6jCuGGiAk+Ez6UArjDyRtPaTM3LOAOmSw5mcCdawAVYRfWCrqGGWa3weCWvNuMTVmGwSIVBU6Cqtdi1yTFUqZhJaSM64jzpv8Z9zE2qO0GJow1z6OgyxSB23rGw44g258K76N+fvfWIEG8SO9Ko+g+/kQYoqL/FSyWBVtGaNDUgoRVv1Ih73M7UOLYra/v1TaFY5g+uu1DUXRKHPwYJOdRZnk/CklqtG2V817Cuo2VVNMxSXejn81Ni+O4JFRPp0CJ7YEtcQyxE9kMAqYCnL03uD1tow==
      SMTP_EMAIL_USER: >-
        AgBHoeceSxKmSuvZwh063RQdaJwadhm3Vgiy3jKsFdahF78VN0i3igGjwQjhNaDqaooEXCb2i61PgFr5o2QpEwgTMV1Y63SygbbHgUJsfqVxo3LKrwNPxor89et6MfELalGK45nHHRtHQtF8YGh9LKB6r3goyiqxH1I4o3Wiu5JzbQTAaRUspgm/lAyWU64+IDJX3uNPvPt+U0BlU9haE6Y7mllhdSrx6z3I6+2wlQmiEL2VctQEw7dwH8hv92V4LdDjjysnPNLsrDg0+oUIWAhSIWE93odbuef3jYjgX2eeHN7vgBSUTN5k20TLIZ/7j5iqbnO5OBPO69aVSoD5sYoYq1Pmyx6xhDLbtUnmCki2GBEBM6XbEF0KmTKuq+h/AwtcXwmLm299Ex2AEPvcZMpiCGfgVgjLk52YECX4ig4xuLcFGhEp/Exe4TA6EmKa68EXgxqNZ19ZD/yP7ih+YuVqNouHweyqRiPVlduunEqvvXgQUDR/0wf1amAHU2H7ayk8bj/3zRjL9V+V3iYeYFW+9wUBA6agej0jcPs4ix4j6V44x9qvv8oNypVfh7X1iw0a3LsaY2FWkokCWUY24sru9eXdgtebV8F81tqw/0RsH0GZ0KKEw6g5jOfQvf29QvcfspvVP5qDCFXGjM1i1dpWHNYsVUZGtAOVK/KtW4G/3fh/tpTUAdp1B8CxLd6sSu4Ry1bKDVaF9el6wRKitG0uLmUTOhmoBYYlsZwNMmpWsA==
      SMTP_URL: >-
        AgBBBnj09gCXVJobIFXULRCX8lH+fYgzEqtRPeFMXtf84wbdCB4Yeakh3WBHYR2pIap9hzKqLXn/GNnQeRzFbKXItvjgRxosTxCxM2cKbMkeip7FduDuDSQyIls+vqsUjxX8DVlNwPmkZ0pOouhd1SRmP8/VkvUDD85b35HPywnei5UnyOPnQ2BLhvWU64UB3fjvy3l0A8chlp82bDgGVhSrW9LEafv5noKCx9r5O5ZChVniKEH4p3IXoSduUMmDE6K+BKsqIPnsRQ5VFHawyyOvrrtsgA+QwpAFSH7XWQvbUefeyEqLNC8I1TyTKOPFd87tSQvrSk9qZHVErSdUat/8xCxC710yUpeLsE3dIhnC4+X7Faau7u5CcCHyE8jv0MGm/PAxcLc/g4ypOzq29i15Js98yrJL7leEvRTLpP0VACbXAYtXKxHjbMApyUremqZHSHE9f6Sztt88O79M+2NZnH/Gs9f/T+nJ1nwAgatXp9PjyxR8p73B/4a2CeOtCKOrH7mlXTz1dA6yKLwBVO1fZUiRZ4F5SkvdAC84LBMQaoJlnPEcwLmDXI9Y31EtzPoWA8j2Fq4jov/30NsMEdRCd1prYLowbrVHWF4veczdY871npZBXBPxfvAeKN7EhTFBxVfTqJohEIjSDcYl/oI8mhjIKQ65r8ecFiWy2nPqUevtxyZJfejaC0QEcR74BT4XaDHw0FtbI68XlBocKU/EBw==
    template:
      metadata:
        annotations:
          sealedsecrets.bitnami.com/cluster-wide: 'true'
          app.gitlab.com/app: socialgouv-cdtn-admin
          app.gitlab.com/env: cdtn-admin-v1.5.4
          app.gitlab.com/env.name: cdtn-admin-v1.5.4
        name: app-sealed-secret
        labels:
          application: cdtn-admin-v1.5.4-cdtn-admin
          owner: cdtn-admin
          team: cdtn-admin
      type: Opaque
- metadata:
    name: app-configmap
    annotations:
      app.gitlab.com/app: socialgouv-cdtn-admin
      app.gitlab.com/env: cdtn-admin-v1.5.4
      app.gitlab.com/env.name: cdtn-admin-v1.5.4
    labels:
      application: cdtn-admin-v1.5.4-cdtn-admin
      owner: cdtn-admin
      team: cdtn-admin
    namespace: cdtn-admin-24-v1.5.4
  data:
    ACCOUNT_MAIL_SENDER: contact@fabrique.social.gouv.fr
    GRAPHQL_ENDPOINT: 'http://hasura/v1/graphql'
    NEXT_PUBLIC_ACTIVATION_TOKEN_EXPIRES: '10080'
    NODE_ENV: production
    REFRESH_TOKEN_EXPIRES: '43200'
  apiVersion: v1
  kind: ConfigMap
- metadata:
    labels:
      app: app
      application: cdtn-admin-v1.5.4-cdtn-admin
      owner: cdtn-admin
      team: cdtn-admin
    name: app
    annotations:
      app.gitlab.com/app: socialgouv-cdtn-admin
      app.gitlab.com/env: cdtn-admin-v1.5.4
      app.gitlab.com/env.name: cdtn-admin-v1.5.4
    namespace: cdtn-admin-24-v1.5.4
  spec:
    ports:
      - port: 80
        targetPort: 3000
    selector:
      app: app
    type: ClusterIP
  apiVersion: v1
  kind: Service
- metadata:
    annotations:
      kubernetes.io/ingress.class: nginx
      app.gitlab.com/app: socialgouv-cdtn-admin
      app.gitlab.com/env: cdtn-admin-v1.5.4
      app.gitlab.com/env.name: cdtn-admin-v1.5.4
    labels:
      app: app
      application: cdtn-admin-v1.5.4-cdtn-admin
      owner: cdtn-admin
      team: cdtn-admin
    name: app
    namespace: cdtn-admin-24-v1.5.4
  spec:
    rules:
      - host: cdtn-admin-v1.5.4-cdtn-admin.dev2.fabrique.social.gouv.fr
        http:
          paths:
            - backend:
                serviceName: app
                servicePort: 80
              path: /
    tls:
      - hosts:
          - cdtn-admin-v1.5.4-cdtn-admin.dev2.fabrique.social.gouv.fr
        secretName: wildcard-crt
  apiVersion: extensions/v1beta1
  kind: Ingress
- metadata:
    annotations:
      app.gitlab.com/app: socialgouv-cdtn-admin
      app.gitlab.com/env: cdtn-admin-v1.5.4
      app.gitlab.com/env.name: cdtn-admin-v1.5.4
    labels:
      app: hasura
      application: cdtn-admin-v1.5.4-cdtn-admin
      owner: cdtn-admin
      team: cdtn-admin
    name: hasura
    namespace: cdtn-admin-24-v1.5.4
  spec:
    replicas: 1
    selector:
      matchLabels:
        app: hasura
    template:
      metadata:
        annotations:
          app.gitlab.com/app: socialgouv-cdtn-admin
          app.gitlab.com/env: cdtn-admin-v1.5.4
          app.gitlab.com/env.name: cdtn-admin-v1.5.4
        labels:
          app: hasura
          application: cdtn-admin-v1.5.4-cdtn-admin
          owner: cdtn-admin
          team: cdtn-admin
      spec:
        containers:
          - image: >-
              registry.gitlab.factory.social.gouv.fr/socialgouv/cdtn-admin/hasura:8843083edb7f873cad1d1420731a60773594ffae
            livenessProbe:
              failureThreshold: 6
              httpGet:
                path: /healthz
                port: http
              initialDelaySeconds: 60
              periodSeconds: 20
              timeoutSeconds: 5
            name: hasura
            ports:
              - containerPort: 80
                name: http
            readinessProbe:
              failureThreshold: 15
              httpGet:
                path: /healthz
                port: http
              initialDelaySeconds: 60
              periodSeconds: 20
              successThreshold: 1
              timeoutSeconds: 1
            resources:
              limits:
                cpu: 500m
                memory: 256Mi
              requests:
                cpu: 100m
                memory: 64Mi
            startupProbe:
              failureThreshold: 12
              httpGet:
                path: /healthz
                port: http
              periodSeconds: 5
            envFrom:
              - secretRef:
                  name: hasura-sealed-secret
              - configMapRef:
                  name: hasura-configmap
              - secretRef:
                  name: azure-pg-user-8843083
        initContainers:
          - name: wait-for-postgres
            image: 'postgres:10'
            imagePullPolicy: Always
            resources:
              requests:
                cpu: 5m
                memory: 16Mi
              limits:
                cpu: 20m
                memory: 32Mi
            envFrom:
              - secretRef:
                  name: azure-pg-user-8843083
            command:
              - sh
              - '-c'
              - >

                retry=120; # 5s * (12 * 10) = 10min

                while ! psql -c \\"SELECT VERSION();\\" > /dev/null 2> /dev/null &&
                [[ $(( retry-- )) -gt 0 ]];
                  do
                    echo \\"Waiting for Postgres to go Green ($(( retry )))\\" ; sleep 5s ; done ;
                echo Ready;
  apiVersion: apps/v1
  kind: Deployment
- apiVersion: bitnami.com/v1alpha1
  kind: SealedSecret
  metadata:
    annotations:
      sealedsecrets.bitnami.com/cluster-wide: 'true'
      app.gitlab.com/app: socialgouv-cdtn-admin
      app.gitlab.com/env: cdtn-admin-v1.5.4
      app.gitlab.com/env.name: cdtn-admin-v1.5.4
    creationTimestamp: null
    name: hasura-sealed-secret
    labels:
      application: cdtn-admin-v1.5.4-cdtn-admin
      owner: cdtn-admin
      team: cdtn-admin
    namespace: cdtn-admin-24-v1.5.4
  spec:
    encryptedData:
      ACCOUNT_EMAIL_SECRET: >-
        AgDBP6bl0oCtj8pNcxzKefs1wf2zomcuqB0DlUpxTf/2wbju0ZYsT0gRmm5N7N2VFfvBGyt+sZX3WfLb0qUrymVg8G7ZeDkzD33Vyb/RKJQOQCnIbPjjMjdUw/+hsamWzBldbQ6dr3KxWacS2qflMUVTknF+CLGhW6FoGgM8RGfrtUDMdjdvejoWNbGLrVEfFhPcdcPRR5XXLpZFcHBqgm3vrChES99lZMz7d6ZqJn0YTR6e/tTBZ5LOVN8b17U311wr1apdIyb4i5SnzQsV5R4G1Gwx/Nv0IxNE6jVPfom9av6/V3xi9eim5VhQLz3iM0ciH/0LKcUqUn8wpn8NjBkC8XDAWQgzTUfaeY99YzMu+s2AZUBYI08gTXOLKoMiyqLNv8puiBGqspLHgrI42GP7wN/RVdxeM1r5Hu5RCnsN9LPfQlx+74fAOkZ54vMzn/DueQeKP+d4KdybDQreMkP/DCJAAPR2fJgMsodL8yCT3wETJIAvpIrEINVVSlZsrjp6k+QhS2aT1zXJpngBZDYee58IC1de7yOWHvC97GuAOw3tavjjTgV0YPTJW0WhPq4+A7Ov5dB9iNRafw9pqGwUYx/tW6JT1bQ43YhKNOPaygrUJkQh+ki06wCcbGD+28x/hDfIo8eyUyM94guaN9/XCtxj1ZsQiPrNhrobUWxHBYiFRo52OYdAx8WwN/gWaQ4KGfTBzHO8H5N2bMWoOZ4vna79M6nMkgpnGDlCY/A+Xq9Z+AtMeaHDmsvzFzYSlrxyI7U1Wr6PQXAN8Cx68wgAfejd9Nmdx6qm876/o/4/57RNyQz4KBk8
      HASURA_GRAPHQL_ADMIN_SECRET: >-
        AgBQjjJ+gRfkarPhqzOoW+0eUCNP98jgKY0PTNMHateVsdw6mlBRLVol1WeOmY5jY256vbBt7EX6x3K5CAceGNvGc+kBbl1gQ+ajn9JHAkrIpGErSxiBhddBFqzK2xT6nDFwpeU5lxByrTMy7qPJ+kRPne5V7ooR1qEpc7cl5MfjiaphOE4n9Il6ns0SEIgKxE/rRfwd1loNB8Bhi1dTjQ3pDfml7wKlB77fHl4iASToAEKrMQTgelt100cvq9jyeWR7S5O/SSID7SLe8QSDSW7F8EaFHQEKUD7tXLyxDEVDffnh97/vH0kWmRiDHxDZkkNSUdHImj6m1h4KVVIxKOu53/Kde8BcoiWaiW/sp+hCf7GzS1RX5bAEeYUBXgpt7yfTPaKBisZxDbcaAuYjzRX/fVsg49Zv7F9UFu97o7dheF4TtXAjK1GPxSdxV00ueBaWg8UKS+hPJwtXdWk99rcqBpXaNHqhGdeAivJYKSX+qaSsQtLbI3jqmB8VCctRve40OVXq5n20kjUcyTsCU7XgC8FBnNL2nE8LPQvtz1yE/4crS6MQTFW+eckYorTr9cR1/3odzbhEWYsuto5rV4NL+U5Abl77sDEzIa4SzxFDiHNQaCuMQ6N+xMFddmj3GzZo+dwH0rYiFY6A7ex/WP9dWLTtiyT8ohcCNaa1g/i95GNRE8QU9h/1W8+GQPTUJvQVe8E3iki0gwWJ7W//
      HASURA_GRAPHQL_JWT_SECRET: >-
        AgDNvJB+pqy8upZ6fLNq6tPGwoqMoLgoe+zqHUxcUcNPy6C1v7XrFsa6HIJxvjRZkGfkjRexYmXT3KYKqTXCNCOF4VaNvEWB6AEcKNlwtXcSfgjGSXZWG59zvbTqdlGE0/jqWrL+KI27n7nm0jab5ogxL4Jgtn4z0Ud8NNZIjNaqkIVMqHCm4OCsHRlNK26U1Ax96pJiXTG09KcTWPox6uZiC4LFpm6tVHjICd1jvWecsQylZSW9VZyC1E7TQJUO2HGNM2JAWc75PdKb6DoYvlnTN5cLiv302qp2hhuJnXZP2xRMtWSDYDmK6qHjed3zZmsKSMfc+lCf6OTMOJyfKuT0fKh25sjId10Qgyb9atdKxTKGPsQvlkXgsktDSUyob2ZleIcycH0HcE/R6zoSBvEUkmiXxxXxabjpz9gTPaygcmpp14plylaJSMwgvleWA1v6LhZ375OR3XgXOPN/qix2khe8QiyWeBbtPrSbs8YO2vV3s3wsSNNm9L3OD1eXEuYtuPKHsPClrdJTIJA5g/FDvRLOrhkOsHnVkiGDC5L6rlwOlA9vID0BCXIsPCYjiT7EEBba0UTx4oCeToYXHyimHzTJrm+6jVSKN4X0f7ny/OMUGTXV69HdmEqKdcjLAj6EXCCWUQMB313ZDS6mLi9gNOL+D+6vgvnH+Qwn9TMeRZicI66wIvqzR/vX4FAYDH8brp2fQuKB+oF7pZe1rp0Hi5OegMIOIqrITD1epJDYM9zbaeZe8jNSpqU2mFNKWN34/0261HG4/XNiFKH+H1YYFq8lsB0BRP/R8RedegBezQniQJRimRfyBXJUK3YXDZR51iwFxAV3880ys/3qpzt3DfYBNw==
    template:
      metadata:
        annotations:
          sealedsecrets.bitnami.com/cluster-wide: 'true'
          app.gitlab.com/app: socialgouv-cdtn-admin
          app.gitlab.com/env: cdtn-admin-v1.5.4
          app.gitlab.com/env.name: cdtn-admin-v1.5.4
        creationTimestamp: null
        name: hasura-sealed-secret
        labels:
          application: cdtn-admin-v1.5.4-cdtn-admin
          owner: cdtn-admin
          team: cdtn-admin
      type: Opaque
- metadata:
    name: hasura-configmap
    annotations:
      app.gitlab.com/app: socialgouv-cdtn-admin
      app.gitlab.com/env: cdtn-admin-v1.5.4
      app.gitlab.com/env.name: cdtn-admin-v1.5.4
    labels:
      application: cdtn-admin-v1.5.4-cdtn-admin
      owner: cdtn-admin
      team: cdtn-admin
    namespace: cdtn-admin-24-v1.5.4
  data:
    HASURA_GRAPHQL_ENABLE_CONSOLE: 'false'
    HASURA_GRAPHQL_ENABLED_LOG_TYPES: 'startup, http-log, webhook-log, websocket-log, query-log'
    HASURA_GRAPHQL_LOG_LEVEL: debug
    HASURA_GRAPHQL_NO_OF_RETRIES: '5'
    HASURA_GRAPHQL_SERVER_PORT: '80'
    HASURA_GRAPHQL_UNAUTHORIZED_ROLE: anonymous
    ACCOUNT_EMAIL_WEBHOOK_URL: 'http://app:3000/api/webhooks/account'
  apiVersion: v1
  kind: ConfigMap
- metadata:
    labels:
      app: hasura
      application: cdtn-admin-v1.5.4-cdtn-admin
      owner: cdtn-admin
      team: cdtn-admin
    name: hasura
    annotations:
      app.gitlab.com/app: socialgouv-cdtn-admin
      app.gitlab.com/env: cdtn-admin-v1.5.4
      app.gitlab.com/env.name: cdtn-admin-v1.5.4
    namespace: cdtn-admin-24-v1.5.4
  spec:
    ports:
      - port: 80
        targetPort: 80
    selector:
      app: hasura
    type: ClusterIP
  apiVersion: v1
  kind: Service
- apiVersion: bitnami.com/v1alpha1
  kind: SealedSecret
  metadata:
    annotations:
      sealedsecrets.bitnami.com/cluster-wide: 'true'
      app.gitlab.com/app: socialgouv-cdtn-admin
      app.gitlab.com/env: cdtn-admin-v1.5.4
      app.gitlab.com/env.name: cdtn-admin-v1.5.4
    creationTimestamp: null
    name: azure-pg-user
    labels:
      application: cdtn-admin-v1.5.4-cdtn-admin
      owner: cdtn-admin
      team: cdtn-admin
    namespace: cdtn-admin-24-v1.5.4
  spec:
    encryptedData:
      DATABASE_URL: >-
        AgCCUh5cNw9n+Qnihd1or/z2NYR1eCdReiOY6PRkL+E5l/cmoC88PHy2BNtRY1t1wDAJK9yIsH9PJKYikgPFsnaYx8cc9Sl7SQ8iIjyt3pWINxLidtCSH6f+dpcJ/wsSHKzGEI7V7OXTzecyjJdGEvvfPgWVw9oVbpYpI6DEyh54NskNBzomNj6EAzY4SAeS33zoACpVbHVDRf68bdcCT34U6OdJfTAB0pBT0V5dB3xZ3pmsU68LCTWHelz2jcepyN96wqspCOsTU1qpSQkmS3UPf1riwDCBEMP8hRHrliw6ncldNtBUozD44wE2/UUyOOOwtcxDM7IsycxuMzQyimVFZRj/kHZG+N0liWj9N0KsZ6jKuaJB/Y+1ZiyJckPkjces7aHETqEEmV89TRdLDMPvz3tgJCb/g1mgbadKcpfJ+8DMN873d3rHBKNKgDZICJEyvJrXvA2bHGNFJjnzMa4Cn6lDKtcgxZioTfHbiJuT+GRxK0/X0dJd+H860JOWnsR5i8YXjXOwT1taH+YL5cd6UWlML53iVDYq/VbWCQh1xKEaC0XUxi6hRO0Kt1UhRXUmTTEDSTnn54beHS7lCJ58m3jrnTN3uSz2GiISfu5o5usXtwKQsPWpju/33JjIa5tFy91/R/UY9bHGizqulWEuVbJKI3ctERee7CoskPV5offkbBqRUWhg3+63YowzgwpB1nPZ6AZVr5VFSgYF0rtPlsj+4KSt+BOPB6sT9FWmH/03ePy7uZPAIILI/m9zddWil2nU2wEsbSGiONkubj6jthNvpoolxbEfV8qY+JTac6pATkVM5a0yxeMbDhddrtpb3X2KaidO76XE0yXfdDKOeKXDS0vwlwEuy0XdHpRTPO7VSZbeBTIPxaBcviJOAX4VPwFjQiJG8GXA0cVkAXAX5/jrQv8N+dZJtA4KVw==
      HASURA_GRAPHQL_DATABASE_URL: >-
        AgCCUh5cNw9n+Qnihd1or/z2NYR1eCdReiOY6PRkL+E5l/cmoC88PHy2BNtRY1t1wDAJK9yIsH9PJKYikgPFsnaYx8cc9Sl7SQ8iIjyt3pWINxLidtCSH6f+dpcJ/wsSHKzGEI7V7OXTzecyjJdGEvvfPgWVw9oVbpYpI6DEyh54NskNBzomNj6EAzY4SAeS33zoACpVbHVDRf68bdcCT34U6OdJfTAB0pBT0V5dB3xZ3pmsU68LCTWHelz2jcepyN96wqspCOsTU1qpSQkmS3UPf1riwDCBEMP8hRHrliw6ncldNtBUozD44wE2/UUyOOOwtcxDM7IsycxuMzQyimVFZRj/kHZG+N0liWj9N0KsZ6jKuaJB/Y+1ZiyJckPkjces7aHETqEEmV89TRdLDMPvz3tgJCb/g1mgbadKcpfJ+8DMN873d3rHBKNKgDZICJEyvJrXvA2bHGNFJjnzMa4Cn6lDKtcgxZioTfHbiJuT+GRxK0/X0dJd+H860JOWnsR5i8YXjXOwT1taH+YL5cd6UWlML53iVDYq/VbWCQh1xKEaC0XUxi6hRO0Kt1UhRXUmTTEDSTnn54beHS7lCJ58m3jrnTN3uSz2GiISfu5o5usXtwKQsPWpju/33JjIa5tFy91/R/UY9bHGizqulWEuVbJKI3ctERee7CoskPV5offkbBqRUWhg3+63YowzgwpB1nPZ6AZVr5VFSgYF0rtPlsj+4KSt+BOPB6sT9FWmH/03ePy7uZPAIILI/m9zddWil2nU2wEsbSGiONkubj6jthNvpoolxbEfV8qY+JTac6pATkVM5a0yxeMbDhddrtpb3X2KaidO76XE0yXfdDKOeKXDS0vwlwEuy0XdHpRTPO7VSZbeBTIPxaBcviJOAX4VPwFjQiJG8GXA0cVkAXAX5/jrQv8N+dZJtA4KVw==
      PGDATABASE: >-
        AgBVY5QZGrT9+hteFDOUgSUJcNRuaVIHNHae6OLC+9ULSw1hMvibjTGrz7g1tnXzTuYJVjYfkgxt1v8HnfsO/CT1U582Eb+/KUz1tQ3D2yrVjllbkwaadb5/rroFJW190ndlU4Yd6/tK1ZK25ll19vyNKXAITpSgudgjQXCWwK83DlLEyoryjQivq1yTLAGnuJqoLUFp0slqEJC2abC1zEX3rEYc3zYDD6juk25RjQNvLfJ5G1Q7yhaviiH9hqWBPunbPAIm9K3av9GgX+ilV7F7bK4EtgZw16ITHh5EspWfnfZOKPpV0lNmQKOwlNsN4mCChAtNcfin9oBKMTqxOsz6M0hD/wVL5TgGqfPpG78Me707fplFs0NOgPC3Y7u89oRlgYEM3EhMfNAESDxrgpH89Kn2XWawWQ2Pz2fWBEGeltzAp+FVIfN7eUDDI93Ug178MGXoAOAIZd8xAmKmYpefN7jCpYYsM5jymaWKCqxyxc+H1Cw0591R52C8IIJgr5gwLrcKgCSVLCgpgC3TAfxOUj6yWvSJsq+C8DMp+XkKjFoQs+euLtJCxzgvoTP0LrXoRr8byOx4bdLzZPdMiatwbKy8jppzasiEWg+RTSsZEglWhf0iPUoU6M2TpEwh68BPdwIt7ueYTWK9YrVzbqJV6ejyhZifqj2rpgWkwPDOEEsJMogpG66vdJ0RgrYL/Vbgxcb1dEGnYjaplr39
      PGHOST: >-
        AgBkqcSoySTnpo2syKv8alf/5QeGjBjsBEtf2oVZx1rIxVuIAloFPx6wEMC2Wm3gNGMayerd8ODpeXkhdQKK7nWPOwRBwbAxAQfURjXlLsOxj9HL5lOxQNVH6a9KqTz4Ke91QDJ0bAOR63WaJEj9Ouv1RvZLKe7AqUWKFl1MR9k7li+mhc203ESsxMOZcfWQEwimGg200B7dyUWg0DxXKxbgov5voOCSgMkml+8Xd0IgZ0475iFwd5Qmn8kIWmtyv203IQKiGrFG7FfSbURox2jR15kXZqY/j89Mjx8kM0lifh7BiCAooqfdL0YxHc0tedngVY5BfF7MKyJYhGoS3DIeqEhSz0oQgTCslkPES7HRiBi1jhzG8uKuuspgEPBZ0OLoczLQX1/90+/JG/XL7mki4eJhLuyq+xK0u1JYsBb6JamSULqeLB7cujjWx21MHRUJld/w5q+7KGOLGxeSv5Wdx9iqy0HPWBaNV2ZSce+NA/owCK3qt5KllDOb3i5qU0yFCPDWh+uNXoHGzaetSABSUU6yCkTLGGJy+nKQ2B9K4sP0p4RREEivM/BIFs8h0C3eBcH9vkYmFFkXZ4P/vgx2ZaTQrWnh/pYxrQ1c2eb08u7Z2Uv4O8OVAD8U5b9+XvXvbxlf3NiLXFe0pFJb8XSWO33pHuWLLyWVJBK1399O8B3GE8ufsMDSFBSPEstgyDrXaWhxQEN6LAUVJu0rQ7UPAbVl8548bJ0Fy1zFshAdKtu2/NfbcoXDcy7mfXiuR9O37A==
      PGPASSWORD: >-
        AgCMeh1YSyXoHao6AV3tDsz6xxVVee8iUUFZkEQsUyPa70CH1V5Alj66lOjUFykm3bh3IZDaTIdgHYCE5AwgnUFo7Nnag2f0wjQLcsh/caBkbERJXNMuQqG92iGfhUqQc2K/F5FDMtWt7hzNXS3lbswblgmH/rC3LoTyw9D+oWmOi4xcbyNuBp4/HKb4ybaD29N3xRoC5VDJrgYVuzlGSWUoVkDNHIx1DCthLDGuMbujKKyOVYim0Mv7qAU5VH0S6vquFlD+u/82dVmQ2JkBIEnqOxRBDKF3mMnVL70y7H94svu4DG4AMfQeuQ0I16iFYlJ+fEfy6FAuFhyPma1X4W9xbR3Vj0QLQR3zfL8vVXbLQRVIEdt3H4wNR2TqMPXieaRHZ0GHymgFacRSCzLGZ7ShqsxhkURofZjt+brqdt9fMHFBELCbEf+pIEHMma0vDdcdsX6teyzuCHGSVu9UuU13xXUTqMQRcE4azR1B4zOkwwHeY+nH6gnP5i2mmr3MY+qHpjS4/XgzFBsmNqkci7RiUASVbF7pe1i0U+dXEv+9Ag11WKK0As0lALBzGxDUhXY9hH6jDwNUQArpytTGY2k/Bl3GZMcWiobyJSZM3PD5aBmrjB1Ab9dpx4VlbFYWDBk2MlboBq3FVesrD7BqWi23REEwb2CP0sOKnAkEqpbwGa2uj9rghFaDvUjNkYj3oty8itD1t8JiS2U8WsfL/moaY32FqCuKTiMsdfCdXEXBUS2v/49z80nI
      PGSSLMODE: >-
        AgA2TamC82xq/wPfoDBSIOB8y0xyxBKrbr9L7W9j4WaOj8xA1Zq/FhjBeaVNuqtDEJyyKA9MO0yZKJn+ZRnRMJ1wi6cK12SM3SDZ3ti1/gMgqsm3KVnJvx+4DG/snjqNali+YMkpCJ7EX6aHD4kTykVN8XnTP5C2J9RJ2aFxe9Kzt/+RgbEMz8WSMZjS86egxmWld4+ZIJyd30ov4L77lLeMdsv6rdHCHnJLmXNRsVZGUNiMDzRu/ZPMEtQmO9q0rwPKaOXHdUadZ4bmWQJojyHfnbsennYUKppkTADK6pK+qATM+/6P9OShd/GUNz5WKx42e2ut+M+jqjFk2WjDVWDwKBjGJ/pe3jgOWvQzgTl9y0r2UAs9N3dR5GLnxIgIY7a0e5KIPOTsQayJVMhuNsK6N4CpmIRFk7v2xEd565u47qTWCcuR5yza+6ywq01IaMrdvt0SyRfzO8kQHbNuGDuoz49soqEZLHYFl26f7PdMsTNadxDhL+FN7tpRCVTzYwTwILL+GsJDpA6RxoX+iUX3b4nQ9HWwdHQ5qtoGNSNjLYd+kCWwC6dRU4xeWOvv/m7gpTi+K4bb8vE578XVdG1LaGvEPCJJulsPzWMEkocJyT0Milk644dedQC85g2k4kjbHOCerrg6+PchSFp0W8+9A3RejYZuE4zH+tFkvfsB7hiq1cgKc+nI0OEXI2Au5pDC6iBlHK0B
      PGUSER: >-
        AgCUFTm2us5wahERtgfxt0AWVzUqQ9orPWJoSaEYT/kf6AhX+z/2ne1lKlDrH7zj3FNeEewnK2GayYO6weKQKvi0k6YXvTaq7Tz5dCM717eXLO5sn+HShB5l66BBkPOtP/i1wTFauehxG62Mpcd2i++KIBY2Smsqj5F2daJncktkO0lgQdxv4VWMbcUmsMQ3UVQMXxT6QUiO+lBKhx3JK/FjQj+waoiyw5FCqXmRKoLK//9s78tLYq0HjFcO9wP/cZUTdn6X4Vbjcz3FMXii6iBgDF2uFWLdMoVt0jus7vyeWUBXmCA63Rv4polfDKpCknr7JCS3+WzK2JIpBoT1W4gSjCCF9gk86Dg7J+45V+0INEhITRGG9c1cRiC3qrTXTtqKRuTLkSFzQiLQHGDJ8VoUFxMFxRsZhKvGa0asURPsQ1qz7pUbXz8cJFWtbi/7YhQgDJVjMNts9nFjyxHpgwEuKbQ6Y0L4Zj2uZ0hXvuHF6MD21s9Q2tB8ARAi+oA7JRe2c4CWQXY87267HofOm985sjmDccqLd602SE6HY/pkxEkgdcj7VCutgok7h13SZjmH94fBkL5prO8KjElwmjHOfW4D5fdlfQBG26sOVcMg6gkva9wj35hEUyCY75eDGI+6SIxfK5K3aTogWBVKZanmNPGZfHMQ+ZG8Caf1liw2qHjEJLFZshQtD/LtOjJUlf07eSnTRJvjkkOpSSQL7q+TO+wGPkz8s7OFKdnKyqi6hRFaBwo=
    template:
      metadata:
        annotations:
          sealedsecrets.bitnami.com/cluster-wide: 'true'
          app.gitlab.com/app: socialgouv-cdtn-admin
          app.gitlab.com/env: cdtn-admin-v1.5.4
          app.gitlab.com/env.name: cdtn-admin-v1.5.4
        creationTimestamp: null
        name: azure-pg-user
        labels:
          application: cdtn-admin-v1.5.4-cdtn-admin
          owner: cdtn-admin
          team: cdtn-admin
      type: Opaque
"
`;
